
 Start         Length     Name                   Class
 0001:00000000 000B38FCH .text                   CODE
 0002:00000000 00008E6CH .data                   DATA
 0002:00008E6C 0017A7C1H .bss                    BSS


Detailed map of segments

 0001:00000000 000031B4 C=CODE     S=.text    G=(none)   M=System   ACBP=A9
 0001:000031B4 00000164 C=CODE     S=.text    G=(none)   M=SysInit  ACBP=A9
 0001:00003318 000071F0 C=CODE     S=.text    G=(none)   M=gossnet  ACBP=A9
 0001:0000A508 00037558 C=CODE     S=.text    G=(none)   M=main     ACBP=A9
 0001:00041A60 00008B94 C=CODE     S=.text    G=(none)   M=tools    ACBP=A9
 0001:0004A5F4 00023CC0 C=CODE     S=.text    G=(none)   M=gossimg  ACBP=A9
 0001:0006E2B4 00012C34 C=CODE     S=.text    G=(none)   M=gossjpg  ACBP=A9
 0001:00080EE8 0000A174 C=CODE     S=.text    G=(none)   M=gossio   ACBP=A9
 0001:0008B05C 00008E84 C=CODE     S=.text    G=(none)   M=gosszip  ACBP=A9
 0001:00093EE0 0001DF80 C=CODE     S=.text    G=(none)   M=gossroot ACBP=A9
 0001:000B1E60 000019D8 C=CODE     S=.text    G=(none)   M=gosswin  ACBP=A9
 0001:000B3838 000000C1 C=CODE     S=.text    G=(none)   M=bubbles  ACBP=A9
 0002:00000000 0000009A C=DATA     S=.data    G=DGROUP   M=System   ACBP=A9
 0002:0000009C 00000010 C=DATA     S=.data    G=DGROUP   M=SysInit  ACBP=A9
 0002:000000AC 00000078 C=DATA     S=.data    G=DGROUP   M=gossnet  ACBP=A9
 0002:00000124 00005A9C C=DATA     S=.data    G=DGROUP   M=main     ACBP=A9
 0002:00005BC0 00001E1A C=DATA     S=.data    G=DGROUP   M=tools    ACBP=A9
 0002:000079DC 000000DC C=DATA     S=.data    G=DGROUP   M=gossimg  ACBP=A9
 0002:00007AB8 000008F0 C=DATA     S=.data    G=DGROUP   M=gossjpg  ACBP=A9
 0002:000083A8 0000002C C=DATA     S=.data    G=DGROUP   M=gossio   ACBP=A9
 0002:000083D4 000006CC C=DATA     S=.data    G=DGROUP   M=gosszip  ACBP=A9
 0002:00008AA0 00000384 C=DATA     S=.data    G=DGROUP   M=gossroot ACBP=A9
 0002:00008E24 00000010 C=DATA     S=.data    G=DGROUP   M=gosswin  ACBP=A9
 0002:00009000 00000498 C=BSS      S=.bss     G=DGROUP   M=System   ACBP=A9
 0002:00009498 00000018 C=BSS      S=.bss     G=DGROUP   M=SysInit  ACBP=A9
 0002:000094B0 00142638 C=BSS      S=.bss     G=DGROUP   M=gossnet  ACBP=A9
 0002:0014BAE8 00011BDC C=BSS      S=.bss     G=DGROUP   M=main     ACBP=A9
 0002:0015D6C4 00000194 C=BSS      S=.bss     G=DGROUP   M=tools    ACBP=A9
 0002:0015D858 00012250 C=BSS      S=.bss     G=DGROUP   M=gossimg  ACBP=A9
 0002:0016FAA8 00000004 C=BSS      S=.bss     G=DGROUP   M=gossjpg  ACBP=A9
 0002:0016FAAC 000035EC C=BSS      S=.bss     G=DGROUP   M=gossio   ACBP=A9
 0002:00173098 00001988 C=BSS      S=.bss     G=DGROUP   M=gosszip  ACBP=A9
 0002:00174A20 0000EB60 C=BSS      S=.bss     G=DGROUP   M=gossroot ACBP=A9
 0002:00183580 00000240 C=BSS      S=.bss     G=DGROUP   M=gosswin  ACBP=A9


  Address         Publics by Name

 0001:00002F19       @Append
 0001:000019AC       @AsClass
 0001:00002C92       @Assign
 0001:000019D4       @ClassCreate
 0001:00001A10       @ClassDestroy
 0001:00002D34       @Close
 0001:00002768       @Dispose
 0001:00001C6C       @DoneExcept
 0001:00001768       @FillChar
 0001:00002748       @Finalize
 0001:00002688       @FinalizeArray
 0001:0000265C       @FinalizeRecord
 0001:00002D0D       @Flush
 0001:000016DC       @FRAC
 0001:000014C8       @FreeMem
 0001:00002DEA       @FSafeDivide
 0001:00002DE8       @FSafeDivideR
 0001:000014B0       @GetMem
 0001:0000322C       @GetTls
 0001:000020B0       @Halt
 0001:00001F98       @Halt0
 0001:00001B00       @HandleAnyException
 0001:00001BC4       @HandleFinally
 0001:000032BC       @InitExe
 0001:00002650       @Initialize
 0001:000025C0       @InitializeArray
 0001:00002594       @InitializeRecord
 0001:000016C4       @INT
 0001:00002A78       @IntfClear
 0001:00001994       @IsClass
 0001:000023F4       @LStrAddRef
 0001:000020EC       @LStrArrayClr
 0001:0000211C       @LStrAsg
 0001:00002248       @LStrCat
 0001:0000228C       @LStrCat3
 0001:00002300       @LStrCatN
 0001:000020C8       @LStrClr
 0001:00002350       @LStrCmp
 0001:00002444       @LStrCopy
 0001:00002484       @LStrDelete
 0001:00002228       @LStrFromArray
 0001:000021DC       @LStrFromChar
 0001:000021EC       @LStrFromPChar
 0001:000021AC       @LStrFromPCharLen
 0001:0000221C       @LStrFromString
 0001:00002160       @LStrLAsg
 0001:00002240       @LStrLen
 0001:000024CC       @LStrSetLength
 0001:00002404       @LStrToPChar
 0001:00002754       @New
 0001:00002188       @NewAnsiString
 0001:0000174C       @PStrCpy
 0001:0000171C       @PStrNCat
 0001:00001C18       @RaiseAgain
 0001:00001BFC       @RaiseExcept
 0001:00001788       @RandInt
 0001:000014E0       @ReallocMem
 0001:00002F0B       @ResetText
 0001:00002F12       @RewritText
 0001:000016F8       @ROUND
 0001:000020BC       @RunError
 0001:00001EE4       @StartExe
 0001:00001700       @TRUNC
 0001:00001C9C       @TryFinallyExit
 0001:00002778       @VarClear
 0001:000027AC       @VarClr
 0001:00002FFF       @Write0Char
 0001:00003068       @Write0CString
 0001:00002530       @Write0LString
 0001:00002FC4       @Write0String
 0001:00003051       @WriteChar
 0001:0000306C       @WriteCString
 0001:00002FEB       @WriteLn
 0001:00002538       @WriteLString
 0001:00002FCE       @WriteString
 0001:00002570       @WStrArrayClr
 0001:00002558       @WStrClr
 0001:00002CE8       @_Flush
 0001:000A1038       add64
 0002:000093EC       AllocMemCount
 0002:000093F0       AllocMemSize
 0001:0005E994       ani__todata2
 0001:0005E9FC       ani__todata3
 0001:0005EA84       ani__todata4
 0001:0005ED64       ani__todata5
 0001:000A2EAC       app__adminlevel
 0001:0000A77C       app__bol
 0001:000A4714       app__boot
 0001:000A3184       app__breg
 0001:000A3CD8       app__bval
 0001:000A3FA0       app__bvalset
 0001:000A44C8       app__checkvars
 0001:0000EE44       app__create
 0001:000A33E0       app__creg
 0001:000A3E38       app__cval
 0001:000A417C       app__cvalset
 0001:0000FD78       app__destroy
 0001:000A4388       app__eventproc
 0001:000A3830       app__filtersettings
 0001:000A51A4       app__firsttimer
 0001:000A2EC0       app__folder
 0001:000A2ED8       app__folder2
 0001:000A2F30       app__folder3
 0001:000A46C8       app__guimode
 0001:000A4FAC       app__halt
 0001:00094C38       app__info
 0001:000B2240       app__info
 0001:0000A72C       app__info
 0001:000A3274       app__ireg
 0001:000A3D88       app__ival
 0001:000A4058       app__ivalset
 0001:000A51B8       app__lasttimer
 0001:000A3710       app__loadsettings
 0001:000A46E0       app__makeDPIaware
 0001:000105F8       app__netmore
 0001:00010640       app__onmessage
 0001:00010884       app__onpaint
 0001:00010708       app__onpaintOFF
 0001:000115A8       app__ontimer
 0001:000A4584       app__paintnow
 0001:000A46B4       app__pause
 0001:000A5048       app__processallmessages
 0001:000A4FD0       app__processmessages
 0001:000A49B4       app__run
 0001:000A456C       app__running
 0001:000A364C       app__savesettings
 0001:000A30F0       app__settingsfile
 0001:000A3554       app__sreg
 0001:000A3048       app__subfolder
 0001:000A3098       app__subfolder2
 0001:000A3EEC       app__sval
 0001:000A42B4       app__svalset
 0001:0000FE54       app__syncandsavesettings
 0001:000A51CC       app__timers
 0001:000A529C       app__turbo
 0001:000A537C       app__uptime
 0001:000A53AC       app__uptimestr
 0001:000A533C       app__waitms
 0001:000A5360       app__waitsec
 0001:000A50A0       app__wproc
 0001:000A50FC       app__writeln
 0001:000A5190       app__writenil
 0001:00094C88       app____netmore
 0001:000A55DC       area__make
 0001:0004AD68       asimg
 0002:00008AA4       base64
 0002:00008AE8       base64r
 0001:0009CCB8       bcopystr1
 0001:0009CBD0       bdel1
 0001:0009547C       bit__findcount32
 0001:00095440       bit__findfirst32
 0001:00095400       bit__true32
 0001:00099104       block__cls
 0001:00098F88       block__fastinfo
 0001:00099150       block__free
 0001:00099188       block__freeb
 0001:00099124       block__new
 0001:00098F74       block__size
 0001:0005303C       bmp16__todata2
 0001:00053E90       bmp1__todata2
 0001:00054070       bmp1__todata3
 0001:0005E56C       bmp1__toicondata
 0001:00053010       bmp24__todata2
 0001:000543A4       bmp32__fromdata
 0001:00054810       bmp32__fromdata2
 0001:00052800       bmp32__todata2
 0001:00052938       bmp32__todata3
 0001:0005D3DC       bmp32__toicondata
 0001:00053B04       bmp4__todata2
 0001:0005E20C       bmp4__toicondata
 0001:00055984       bmp8__fromdata
 0001:00053410       bmp8__todata2
 0001:0005DC1C       bmp8__toicondata
 0001:00052748       bmpXX__todata
 0001:000521C0       bmp__fromdata
 0001:0005228C       bmp__fromdata2
 0001:000525E4       bmp__todata3
 0001:000A09E0       bnc
 0001:0009CD1C       bnewlen
 0001:0009CD74       bnewstr
 0001:000B38C8       bubbles
 0002:00000124       bubbles_ico_32px
 0001:0003A450       bubbles__inc_daily_bandwidth
 0001:0006E034       c24__greyscale2
 0001:0006E074       c24__lum
 0001:0006E0A4       c32__lum
 0001:000991B8       cache__ptr
 0001:000A58E8       cfrcrange32
 0002:00009018       CmdLine
 0002:00009014       CmdShow
 0001:000A6D0C       curcomma
 0001:000A6A60       curdec
 0001:000A6AE0       curstrex
 0001:0005E8F4       curXX__todata
 0001:0005E920       curXX__todata2
 0001:0005E8AC       cur__fromdata
 0001:0005E768       cur__todata2
 0001:0005E7C8       cur__todata3
 0001:0009DDE0       date__date
 0001:0009E23C       date__datetimetotimestamp
 0001:0009E210       date__dayofweek
 0001:0009E1B0       date__decodetime
 0001:0009DEC8       date__encodedate
 0001:0009E10C       date__encodetime
 0001:0009DE60       date__filedatetodatetime
 0002:00008C80       date__FMSecsPerDay
 0002:00008C84       date__IMSecsPerDay
 0001:0009E27C       date__isleapyear
 0002:00008C88       date__monthdays
 0001:0009DE3C       date__now
 0001:0009DE0C       date__time
 0001:000A037C       debugging
 0002:00000004       DebugHook
 0002:00000000       Default8087CW
 0001:000562AC       dib__fromdata
 0001:000562D8       dib__fromdata2
 0001:000A10D8       div64
 0001:000039E0       dns__pullquery_A
 0001:00003A10       dns__pullquery_MX
 0001:00003BB8       dns__pullquery_XXX
 0001:00003708       dns__pushquery_A
 0001:0000376C       dns__pushquery_MX
 0001:000037D0       dns__pushquery_XXX
 0002:00009024       ErrorAddr
 0002:00009004       ErrorProc
 0001:000B248C       Exception.CreateFmt
 0002:00009008       ExceptObjProc
 0002:00009000       ExceptProc
 0002:0000901C       ExitCode
 0002:00009020       ExitProc
 0002:0016D65C       fb255
 0002:0016DE60       fbwrap255
 0001:000870A4       filecache__closeall_byname_rightnow
 0001:0008705C       filecache__closeall_rightnow
 0001:000871C0       filecache__closefile
 0001:00087134       filecache__closerec
 0001:00087010       filecache__enabled
 0001:0008741C       filecache__find
 0001:00086FE4       filecache__idletime
 0001:0008721C       filecache__inc_usecount
 0001:00086F64       filecache__initrec
 0001:00087C70       filecache__managementevent
 0001:00087250       filecache__newslot
 0001:00087548       filecache__openfile_anyORread
 0001:00087680       filecache__openfile_read
 0001:00087A0C       filecache__openfile_write2
 0001:00086F3C       filecache__recok
 0001:000874E8       filecache__remfile
 0001:00087028       filecache__safefilename
 0002:0000902E       FileMode
 0001:0000A47C       Finalization
 0001:000B3800       Finalization
 0001:0004A5BC       Finalization
 0001:000B3838       Finalization
 0001:000B1D68       Finalization
 0001:0008AFF0       Finalization
 0001:00093EA8       Finalization
 0001:0006E22C       Finalization
 0001:00041930       Finalization
 0001:00080EB0       Finalization
 0001:00003098       Finalization
 0001:000032E0       Finalization
 0001:000027B4       FindHInstance
 0001:000A1D98       floattostrex
 0001:000A1D74       floattostrex2
 0001:000A6600       float__fromstr
 0001:000A6654       float__fromstr3
 0001:000A5D80       float__tostr
 0001:000A5ED8       float__tostr3
 0001:000A208C       fr64
 0001:000A57F4       frcmax32
 0001:000A5B50       frcmax64
 0001:000A57C8       frcmin32
 0001:000A5B18       frcmin64
 0001:000A5858       frcrange2
 0001:000A5820       frcrange32
 0001:000A5B88       frcrange64
 0001:000A0F18       freeobj
 0001:00094894       free__1
 0001:000948AC       free__2
 0001:000948D8       free__4
 0001:00094928       free__7
 0001:00062184       gif__addcell82432
 0001:0005FF10       gif__compress
 0001:0006020C       gif__compressex
 0001:0005FB48       gif__decompressex
 0001:000608E8       gif__fromdata
 0001:00061F00       gif__start
 0001:00062984       gif__stop
 0001:00061C40       gif__todata2
 0002:00008AA0       globaloverride_incSIZE
 0001:00098AC0       global__create
 0001:00098C58       global__free
 0001:00098B58       global__resize
 0001:00098CC4       global__size
 0001:0006E2AC       gossimg
 0001:0004AB34       gossimg__havebmp
 0001:0004AB54       gossimg__havegif
 0001:0004AB44       gossimg__haveico
 0001:0004AB64       gossimg__havejpg
 0001:0004AB74       gossimg__havetga
 0001:0004A818       gossimg__start
 0001:0004AA70       gossimg__stop
 0001:0008B054       gossio
 0001:00080F18       gossio__start
 0001:00080FF0       gossio__stop
 0001:00080EE0       gossjpg
 0001:0000A500       gossnet
 0001:00003470       gossnet__start
 0001:000034FC       gossnet__stop
 0001:000B1E58       gossroot
 0001:00094A2C       gossroot__start
 0001:00094BA8       gossroot__stop
 0001:000B3830       gosswin
 0001:000B21F4       gosswin__stop
 0001:00093ED8       gosszip
 0002:00008CC0       gui__closing
 0002:00008CBC       gui__running
 0001:000305C0       header__make
 0001:000308C8       header__make206
 0001:00030BAC       header__make3
 0001:00030E44       header__make4
 0002:000094A4       HInstance
 0001:000300A0       hits__extcounts
 0001:00041730       html__checkbox
 0001:0004A390       html__inserttag
 0001:0004A550       html__inserttag1
 0002:0015BB54       i127_0_0_1
 0002:0015BB58       iadminkey
 0002:0015BB0E       ialongsideexe
 0001:00050824       ia__find
 0001:000500FC       ia__found
 0001:0004FFE8       ia__iadd
 0001:000502E4       ia__ifindval
 0001:000503DC       ia__ifindval64
 0001:00050648       ia__ifindval64b
 0001:000505D8       ia__ifindvalb
 0001:00050160       ia__ok
 0001:000506B8       ia__sfind
 0001:000501EC       ia__sfindval
 0002:000011E4       iboostref
 0002:00001268       ibubbles_ico_32px
 0002:00001264       ibubbles_png
 0002:0015BAF0       ibuf2
 0002:0014BAF0       ibuffer
 0002:0015BB4C       ibytes
 0002:0015BB0D       icache
 0002:0000126C       ichunksize
 0001:0005D210       ico32__findhotspot
 0001:0005BF8C       ico32__fromdata
 0001:0005C3C0       ico32__fromdata2
 0001:0005BA9C       ico32__todata2
 0001:0005BB68       ico32__todata3
 0002:00001248       iconncount
 0002:0000124C       iconncount_1sec
 0002:00001244       iconnlimit
 0002:0015BB18       iconsolerate
 0002:0015BAFC       icontact_allow
 0002:0015BB08       icontact_fail
 0002:0015BB00       icontact_off
 0002:0015BB04       icontact_ok
 0002:0015BAFD       icontact_question
 0002:00001288       icookietimeout
 0001:0005BA40       icoXX__todata
 0001:0005BF44       ico__fromdata
 0001:0005B8FC       ico__todata3
 0002:0015BB10       icsp
 0002:0015C6B0       idaily_bandwidth
 0002:0015C6C8       idaily_bandwidth_exceeded
 0002:0015C6B8       idaily_bandwidth_quota
 0002:0015C6C0       idaily_bandwidth_quota_bytes
 0002:0015C6F4       idaily_contact
 0002:0015C6EC       idaily_email
 0002:0015C6E4       idaily_hits
 0002:0015C6FC       idaily_jobs
 0002:0015C6CC       idaily_newvisitors
 0002:0015C6DC       idaily_requests
 0002:0015C6D4       idaily_visitors
 0002:0015C698       idata
 0002:0015C6A0       idate
 0001:0008ABD0       idisk__fileexists
 0001:0008AC08       idisk__find
 0001:0008A740       idisk__findnext
 0001:0008A650       idisk__fullname
 0001:0008AB3C       idisk__havescope
 0001:0008AD28       idisk__remfile
 0001:0008ADC4       idisk__tofile
 0001:0008ADF0       idisk__tofile1
 0002:0015BB2C       idom
 0002:0015C6A8       idomindex
 0002:0015BB30       idominfo
 0002:00001234       iendofdaydone
 0002:0015C708       ifastfolder__inbox
 0002:0015C70C       ifastfolder__inbox_read
 0002:0015C704       ifastfolder__logs
 0002:0015C718       ifastfolder__root
 0002:0015C710       ifastfolder__trash
 0002:0015C714       ifastfolder__trash_read
 0002:0015BAF4       igmtstr
 0002:0015C6AC       ihave
 0002:00001298       ihelpdata
 0002:0015BB44       ihit
 0002:0015BB41       ihitmustsave
 0002:0015BB50       ihitpng
 0002:0015BB48       ihitref
 0002:00001250       ihttpserver
 0002:0015BB20       iidletimeout
 0002:0015BB16       ilivestats
 0002:0014BAE8       iloaddate
 0002:00001214       imailport
 0002:00001254       imailserver
 0002:00001224       imail_allow
 0002:00001228       imail_banbaddomain
 0002:00001218       imail_domain
 0002:0000121C       imail_fromaddress
 0002:0000122C       imail_sender
 0002:00001220       imail_sizelimit
 0002:0015BB28       imap
 0001:00050B14       img32__fromdata
 0001:00050B4C       img32__fromdata2
 0001:00050FE0       img32__todata3
 0002:0015BB34       imime
 0002:0015BB38       imime_fallback
 0002:0015C6A4       imode
 0002:0015BB0C       imustboost
 0002:0000125C       imustcloseall
 0002:0015BB40       imustmakepngs
 0002:00001260       imustport
 0002:00001258       imustsavesettings
 0002:0015C694       iname
 0001:0003008C       inc__dailyjobs
 0002:00001230       inewvisitor
 0002:00008CC4       info_mode
 0001:0000A7E4       info__app
 0001:0004AB84       info__img
 0001:00081078       info__io
 0001:0006E2B4       info__jpg
 0001:000953BC       info__mode
 0001:0000355C       info__net
 0001:00094C9C       info__root
 0001:00094FE0       info__rootfind
 0001:000B2290       info__win
 0001:0008B05C       info__zip
 0002:0015BB11       inorefdown
 0002:00001274       inotthislink
 0002:00009034       Input
 0002:0015C68C       inref1
 0002:0015C690       inref2
 0001:000A5770       insint
 0001:000A1408       insstr
 0002:000083CC       intdisk_char
 0002:0017266C       intdisk_data
 0002:0017298C       intdisk_date
 0002:000083C8       intdisk_inuse
 0002:000083D0       intdisk_label
 0002:0017234C       intdisk_name
 0002:00172FCC       intdisk_readonly
 0001:000A5C34       intstr32
 0001:000A5CA8       intstr64
 0001:0006DFD4       int__c24
 0001:0006E004       int__c32
 0001:000A5CEC       int__fromstr
 0001:000A5D40       int__round4
 0001:000A5CC8       int__tostr
 0001:000857BC       io__anyformat
 0001:00085928       io__anyformat2
 0001:00085798       io__anyformat2b
 0001:00085778       io__anyformatb
 0001:00083FD4       io__asfolder
 0001:00084068       io__asfolderNIL
 0001:00081A48       io__copyfile
 0001:00082C08       io__dates__fileage
 0001:00082B88       io__dates__filedatetime
 0001:000828B4       io__deletefolder
 0001:000842C8       io__driveexists
 0001:000844B8       io__drivelabel
 0001:00082AF8       io__drivelist
 0001:00082B74       io__exename
 0001:00083AA0       io__extractfileext
 0001:00083BE4       io__extractfileext2
 0001:00083C64       io__extractfileext3
 0001:00083DDC       io__extractfilename
 0001:00083CD8       io__extractfilepath
 0001:0008306C       io__faISfolder
 0001:00081848       io__filedate
 0001:0008182C       io__filedateb
 0001:00081714       io__fileexists
 0001:00084860       io__filelist
 0001:000848E4       io__filelist1
 0001:00084978       io__filelist21
 0001:00084E68       io__filelist3
 0001:00081A04       io__filesetattr
 0001:00081770       io__filesize64
 0001:0008121C       io__findfolder
 0001:0008541C       io__findimagewh
 0001:00082870       io__folderexists
 0001:00082160       io__fromfile
 0001:000821A4       io__fromfile64
 0001:000821D0       io__fromfile641
 0001:00082218       io__fromfile64b
 0001:000822C8       io__fromfile64c
 0001:00082258       io__fromfile64d
 0001:00082080       io__fromfilestr
 0001:0008202C       io__fromfilestrb
 0001:000827E4       io__fromfiletime
 0001:00083844       io__hack_dangerous_filepath
 0001:00083804       io__hack_dangerous_filepath_allow_mask
 0001:00083824       io__hack_dangerous_filepath_deny_mask
 0001:0008419C       io__isfile
 0001:00082C78       io__lastext
 0001:00082C98       io__lastext2
 0001:00084254       io__local
 0001:00082A00       io__makefolder
 0001:00082988       io__makefolder2
 0001:00083258       io__mssortstr
 0001:00082E14       io__readfileext
 0001:00082ED0       io__readfileext_low
 0001:000819BC       io__remfile
 0001:00082D90       io__remlastext
 0001:00083EF0       io__renamefile
 0001:000835F0       io__safefilename
 0001:00083584       io__safename
 0001:00082F28       io__scandownto
 0001:00081C9C       io__tofile
 0001:00081CD4       io__tofile64
 0001:00081D0C       io__tofileex64
 0001:00081C04       io__tofilestr
 0001:00081968       io__validfilename
 0001:000815F4       io__windesktop
 0001:00081638       io__winprograms
 0001:00081680       io__winstartmenu
 0001:000814E4       io__wintemp
 0002:0015BB1C       iport
 0002:00001240       ipowerlevel
 0001:00008594       ipsec__badlimit
 0001:00008998       ipsec__Badmaildomain
 0001:00008544       ipsec__banfor
 0001:00008AB0       ipsec__banned
 0001:00008CDC       ipsec__clearall
 0001:00008D08       ipsec__clearslot
 0001:00008558       ipsec__connlimit
 0001:00008030       ipsec__count
 0001:000085BC       ipsec__datalimit
 0001:0000818C       ipsec__findaddr
 0001:000084B0       ipsec__getvals
 0001:000085A8       ipsec__hitlimit
 0001:00008858       ipsec__incBad
 0001:00008A58       ipsec__incBytes
 0001:000089CC       ipsec__incConn
 0001:00008808       ipsec__incHit
 0001:00008948       ipsec__incNotThisLink
 0001:000088A8       ipsec__incPost
 0001:000088F8       ipsec__incPost2
 0001:00008044       ipsec__newslot
 0001:0000856C       ipsec__postlimit
 0001:00008580       ipsec__postlimit2
 0001:00008530       ipsec__scanfor
 0001:00008354       ipsec__setvals
 0001:00008DCC       ipsec__slot
 0001:00008F9C       ipsec__slotBytes
 0001:00008630       ipsec__track
 0001:000085DC       ipsec__trackb
 0001:00008AE8       ipsec__update
 0002:0015C71C       iquestion__answer
 0002:0015D6BC       iquestion__index
 0002:0015BB13       iquotanotice
 0002:0015C650       irambytes
 0002:0015C678       iramcount
 0002:0015C680       iramdate
 0002:0015C674       iramfilecount
 0002:0015C670       iramfilescached
 0002:0015C67C       iramgmt
 0002:0015C688       iramid
 0002:0000123C       iramlimit
 0002:0015BB17       irawlogs
 0002:0015BB3C       iredirect
 0002:0015BB14       ireloadnotice
 0002:0015C64C       ireload_domindex
 0002:0015C658       ireload_rambytes
 0002:0015C660       ireload_ramlimit
 0002:00001278       irequestrate
 0002:0000127C       irequestrate0
 0002:00001270       iresumesupport
 0002:0015BB15       ireverseproxy
 0002:0000902C       IsConsole
 0002:0015C32C       isessioncookie
 0002:0015BE7C       isessioncookietime
 0002:00001290       isessioncount
 0002:0015C19C       isessionname
 0002:00001294       isessionnameLEN
 0002:0015BB5C       isessiontime
 0002:00001280       isessiontimeout
 0002:0015C4BC       isessionua
 0002:0015BB0F       ishutidle
 0002:0015C69C       isize
 0002:00009010       IsLibrary
 0002:0000902D       IsMultiThread
 0002:0015BB12       isummarynotice
 0002:0015C668       ithreshold
 0002:000011F4       itimer100
 0002:000011FC       itimer1000
 0002:0000120C       itimer30000
 0002:00001204       itimer5000
 0002:00001238       itimerbusy
 0002:000011EC       itimerGMT
 0002:0015BAF8       ivars
 0001:00056308       jpg__can
 0001:00056318       jpg__fromdata
 0001:00056728       jpg__todata3
 0001:0006E9C0       jpg____fromdata
 0001:0006E6A4       jpg____todata
 0001:000A20F4       k64
 0001:000A2110       k642
 0001:000A58C0       largest32
 0002:00000008       LibModuleList
 0001:000027DC       LoadResourceModule
 0002:00005BC4       local_count
 0002:0015D6C4       local_list
 0002:00005BC0       local_started
 0001:000097B0       log__addentry
 0001:00009CA8       log__addmailentry
 0001:0003F6A0       log__buildreport
 0001:0000A1C8       log__fastvars
 0001:0000A038       log__filterstr
 0001:0003CFAC       log__info
 0001:0003D0A4       log__makereport
 0001:0000A000       log__writemaybe
 0001:0000A094       log__writenow
 0001:0006A048       low__aicopy
 0001:000A70D4       low__aorb
 0001:000A7100       low__aorbcomp
 0001:000A71C0       low__aorbstr
 0001:0009FE34       low__b
 0001:000A04C4       low__cls
 0001:000A0424       low__comparearray
 0001:000A6FB8       low__compress
 0001:000B26C4       low__console
 0001:000B2644       low__consoleb
 0001:000A736C       low__crc32
 0001:000A7438       low__crc32b
 0001:000A72F0       low__crc32inc
 0001:000A7478       low__crc32nonzero
 0001:0004C284       low__createint
 0001:0009E58C       low__date0
 0001:0009E558       low__date1
 0001:0009D9D8       low__dateascode
 0001:0009D9A8       low__dateinminutes
 0001:0009E510       low__datestr
 0001:0009E3A4       low__dayofweek
 0001:0009E3CC       low__dayofweek1
 0001:0009E3F8       low__dayofweekstr
 0001:0009E2C8       low__decodedate2
 0001:0009E300       low__decodetime2
 0001:000A6FD8       low__decompress
 0001:000A6EE8       low__digpad11
 0001:000A6DF8       low__digpad20
 0001:000A572C       low__divmod
 0001:000A7174       low__enabled
 0001:0009E33C       low__encodedate2
 0001:0009E36C       low__encodetime2
 0001:000A06C4       low__even
 0001:0006AF2C       low__findbpp82432
 0001:000A6FF8       low__foldertep2
 0001:0004C428       low__freeint
 0001:0006CB50       low__fromani322
 0001:000A0234       low__fromb641
 0001:000A0280       low__fromb64str
 0001:0006B44C       low__fromico32
 0001:0006BAC8       low__fromico322
 0001:0009D840       low__gmt
 0001:0009DB40       low__gmtOFFSET
 0001:000B2940       low__handlenone
 0001:0009EA64       low__hex
 0001:0009EA20       low__hexchar
 0001:0009EAE0       low__hexchar_lowercase
 0001:0009EBF4       low__hexint2
 0001:0009EB24       low__hex_lowercase
 0001:0006AEA4       low__icosizes
 0001:000A7234       low__initcrc32
 0001:000A5798       low__inscmp
 0001:000A5748       low__insint
 0001:000A04F4       low__intr
 0001:000A0578       low__iroll
 0001:0009FE6C       low__kb
 0001:0009E8B0       low__lcolumn
 0001:000A1D40       low__len
 0001:0009DC10       low__makeetag
 0001:0009DC3C       low__makeetag2
 0001:0009F318       low__matchmask
 0001:0009F5E4       low__matchmasklist
 0001:0009FEA8       low__mbAUTO
 0001:0009FEE4       low__mbAUTO2
 0001:0009FDF8       low__mbPLUS
 0001:0009E444       low__month0
 0001:0009E420       low__month1
 0001:0009F130       low__nextline0
 0001:0009F158       low__nextline1
 0001:000A5614       low__orderint
 0001:0006B384       low__palfind24
 0001:000A038C       low__param
 0001:000A03F0       low__paramstr1
 0001:0009FF20       low__percentage64
 0001:000A0000       low__percentage64str
 0001:000A0558       low__posn
 0001:0009E968       low__rcolumn
 0001:0009EF80       low__ref256
 0001:0009F04C       low__ref256U
 0001:0009EEC0       low__ref32u
 0001:000A6D38       low__remchar
 0001:000A15BC       low__remdup
 0001:000A16E8       low__remdup2
 0001:000A05F0       low__roll64
 0001:000A56FC       low__rword
 0001:0009DD84       low__safedate
 0001:0006E144       low__scalecrop
 0001:000A56CC       low__setbol
 0001:000A1CE0       low__setlen
 0001:000A563C       low__setstr
 0001:0009F8D0       low__size
 0001:0009EC38       low__splitstr
 0001:0009ED18       low__splitto
 0001:000B28F4       low__stdin
 0001:000A70A8       low__swapint
 0001:0009DAE8       low__SystemTimeToDateTime
 0001:000A00A4       low__tob64
 0001:000A00D8       low__tob641
 0001:000A0128       low__tob64bstr
 0001:0006D470       low__toico32
 0001:000A708C       low__true2
 0001:0009D31C       low__uptime
 0001:0009E4BC       low__weekday0
 0001:0009E498       low__weekday1
 0001:000A0528       low__wrdr
 0001:0009D7B8       low__year
 0001:0009D820       low__yearstr
 0001:000A7134       low__yes
 0001:0001AEB8       mail__bestformat
 0001:00095FE8       mail__date
 0001:000975E0       mail__diskname
 0001:00096A0C       mail__encodefield
 0001:00096D14       mail__extractaddress
 0001:000970F4       mail__filteraddresses
 0001:000979DC       mail__findfield2
 0001:000963AC       mail__fromqp
 0001:0009773C       mail__makemsg
 0001:00098010       mail__makemsg2
 0001:000988A4       mail__writemsg
 0001:00041A58       main
 0002:0000900C       MainInstance
 0001:000A22E0       makestr
 0001:000A23A8       makestrb
 0001:00063014       mask__copy
 0001:0006303C       mask__copy3
 0001:000629F8       mask__empty
 0001:00063808       mask__fromdata
 0001:00063830       mask__fromdata2
 0001:00062A28       mask__hasTransparency32
 0001:00062A48       mask__hasTransparency322
 0001:00062EA0       mask__maketrans32
 0001:00062EC4       mask__maketrans322
 0001:00062EF0       mask__maketrans323
 0001:00062B34       mask__range
 0001:00062B68       mask__range2
 0001:00062D84       mask__setval
 0001:000634FC       mask__todata
 0001:00063524       mask__todata2
 0001:000A5580       maxarea
 0001:000A2E5C       mem__alloc
 0001:00098D34       mem__despstring
 0001:000A2E80       mem__free
 0001:00098EF0       mem__freemem
 0001:00098D04       mem__newpstring
 0001:00098D5C       mem__reallocmem
 0001:00098E40       mem__reallocmemCLEAR
 0001:0006A02C       misai
 0001:00069F18       misaiclear
 0001:00069EE8       misaiclear2
 0001:0006A1D4       misaicopy
 0001:00066B70       misarea
 0001:00069950       misb
 0001:00069E20       miscell
 0001:00069CC0       miscells
 0001:000650C8       miscls
 0001:000650F8       misclsarea2
 0001:00065140       misclsarea3
 0001:00067A64       miscopy
 0001:00066BBC       miscopyarea32
 0001:00066C1C       miscopyarea322
 0001:00066E60       miscopyarea323
 0001:00069210       miscountcolors
 0001:00069238       miscountcolors2
 0001:00069274       miscountcolors3
 0001:000692E0       miscountcolors4
 0001:00066058       misfindtranscol82432
 0001:00066094       misfindtranscol82432ex
 0001:00069C08       mish
 0001:00069CA4       mishasai
 0001:00068CA0       misimg
 0001:00068D1C       misimg32
 0001:00068CF4       misimg8
 0001:00067E84       misinfo
 0001:00067F78       misinfo8162432
 0001:00067F24       misinfo82432
 0001:000662B4       mislimitcolors82432
 0001:000663CC       mislimitcolors82432ex
 0001:00067DA4       misok32
 0001:00067D64       misok8
 0001:00067DE4       misok824
 0001:00067E30       misok82432
 0001:00067BD4       misokex
 0001:00068140       mispixel24
 0001:00068D44       misraw
 0001:00068DC0       misraw32
 0001:00068D98       misraw8
 0001:00067FD4       misrows82432
 0001:00068748       misscan2432
 0001:00068634       misscan32
 0001:00068520       misscan8
 0001:00068910       misscan824
 0001:00068338       misscan82432
 0001:00068AD8       misscan832
 0001:00069A24       missetb
 0001:00069B3C       missetb2
 0001:00068248       missetpixel32
 0001:00068DE8       missize
 0001:00068E14       missize2
 0001:00066024       mistranscol
 0001:000698F8       misv
 0001:00069B6C       misw
 0001:00065838       mis__ai
 0001:00064744       mis__browsersupports
 0001:000648B4       mis__calccells2
 0001:000656FC       mis__canarea
 0001:00065B34       mis__cls
 0001:00065B74       mis__cls2
 0001:00065D2C       mis__cls8
 0001:00065D5C       mis__cls82
 0001:00063EEC       mis__copy
 0001:00068FF0       mis__countcolors257
 0001:0006AA9C       mis__drawdigits2
 0001:00065EA4       mis__findBPP
 0001:00064824       mis__fixemptymask
 0001:00063B24       mis__format
 0001:00064928       mis__fromdata
 0001:000649F0       mis__fromdata2
 0001:000657CC       mis__hasai
 0001:00064860       mis__nocells
 0001:000658F4       mis__onecell
 0001:00065AB8       mis__resizable
 0001:00065AEC       mis__rowsize4
 0001:00063FC8       mis__todata
 0001:0006402C       mis__todata2
 0001:000640F4       mis__todata3
 0001:0009D054       mn32
 0002:00009498       ModuleIsLib
 0002:0000000C       ModuleUnloadList
 0001:000A52BC       monitors__sync
 0001:00001584       Move
 0001:0009D068       ms64
 0001:0009D1D0       msok
 0001:0009D1F4       msset
 0001:0009D228       mswaiting
 0001:000A0FE8       mult64
 0001:00087FB0       nav__add2
 0001:00087D7C       nav__count
 0001:000882E0       nav__date
 0001:000880E8       nav__end
 0001:00088178       nav__get
 0001:000881CC       nav__get2
 0001:00087DD0       nav__info
 0001:00087EF4       nav__init
 0001:00088438       nav__list
 0001:00088478       nav__list2
 0001:00088904       nav__list3
 0001:00089EF4       nav__proc
 0001:000A54A0       need_bmp
 0001:000A53E8       need_filecache
 0001:000A5468       need_gif
 0001:000A5510       need_ico
 0001:000A5428       need_ipsec
 0001:000A5430       need_jpg
 0001:000A5424       need_net
 0001:000A542C       need_png
 0001:000A54D8       need_tga
 0001:00005F8C       net__accept
 0001:00004CF4       net__cleanlistIP4
 0001:0000588C       net__closeall
 0001:00004FA0       net__closeonlysocket
 0001:00004FB4       net__closeonlysocket2
 0001:00005068       net__closeonlysocketsBYownk
 0001:00005910       net__closerec2
 0001:00005934       net__closerec3
 0001:00005134       net__closerecBYownk2
 0001:00004F80       net__closesession
 0001:00005254       net__count
 0001:0000607C       net__decodestr
 0001:00005FF4       net__decodestrb
 0001:000061D4       net__encodeforhtml2
 0001:00007A5C       net__encodeforhtmlstr
 0001:00007AC4       net__encodeforhtmlstr2
 0001:00007BC4       net__encodeurl
 0001:00007D50       net__encodeurlstr
 0001:00005B8C       net__findbysock
 0001:00005330       net__findcount
 0001:000054E8       net__haverec
 0001:00004E88       net__in
 0001:00004E24       net__inccounters
 0001:00005268       net__initrec
 0001:00004B3C       net__IP4str
 0001:00007E3C       net__ismultipart
 0001:00005240       net__limit
 0001:00005C40       net__makeclient2
 0001:0000553C       net__makerec
 0001:000055B0       net__makerec2
 0001:00005D2C       net__makeserver2
 0001:00004EF8       net__makesession
 0001:00003E3C       net__mimefind
 0001:00003F94       net__mimelist
 0001:00004EA8       net__out
 0001:00005444       net__recinfo
 0001:00005208       net__socketgood
 0001:00005B08       net__sockip4
 0001:00004BEC       net__strIP4
 0001:00005378       net__tempfile
 0001:00004EC8       net__total
 0001:000B21AC       net____accept
 0001:000B218C       net____bind
 0001:000B219C       net____closesocket
 0001:000B21CC       net____connect
 0001:000B21C4       net____getpeername
 0001:000B21A4       net____getsockopt
 0001:000B2194       net____listen
 0001:000B2184       net____makesocket
 0001:000B21B4       net____recv
 0001:000B21BC       net____send
 0001:000B297C       net____send2
 0001:000B2174       net____wsaasyncselect
 0001:000B216C       net____WSACleanup
 0001:000B217C       net____WSAGetLastError
 0001:000B2164       net____WSAStartup
 0001:000949BC       new__byte
 0001:000949F4       new__comp
 0001:00094A10       new__date
 0001:000949D8       new__int
 0001:000949A0       new__str
 0001:000A5564       nilarea
 0001:000A5548       nilrect
 0001:0009487C       nil__1
 0001:0009CDC4       nozero__int32
 0001:0009CF00       nozero__int64
 0002:000093DC       Null
 0002:00009200       Output
 0002:00181A34       p4INT32
 0002:00181AB8       p8CMP256
 0001:00001630       ParamStr
 0001:0005A848       pbm__fromdata
 0001:00059F84       pbm__todata3
 0001:000A1D5C       pchar__strlen
 0001:00059A78       pgm__fromdata
 0001:00059318       pgm__todata3
 0001:0004DE98       png__fromdata
 0001:0004C4C8       png__todata
 0001:0004C4F4       png__todata2
 0001:0004C554       png__todata3
 0001:0004CE88       png__todata4
 0001:0005B1D8       pnm__fromdata
 0001:0005ACD0       pnm__todata3
 0001:000A23FC       pok
 0001:00058E6C       ppm__fromdata
 0001:000586D8       ppm__todata3
 0001:000953E4       ptr__shift
 0001:0003BCF0       question__checkanswer
 0001:0003BB9C       question__make
 0001:00001688       Randomize
 0002:00009028       RandSeed
 0002:0015D858       ref65025_div_255
 0001:000029F8       RegisterModule
 0001:000B2A84       reg__closekey
 0001:000B29B8       reg__openkey
 0001:000B2AC0       reg__setstr
 0001:000A2000       restrict32
 0001:000A1F68       restrict64
 0001:0006E0D8       rgba0__int
 0001:0006E10C       rgba__int
 0001:000B33CC       root__adminlevel
 0001:000B335C       root__priority
 0001:000B337C       root__setpriority
 0001:000B3434       root__settimeperiod
 0001:000B3488       root__stoptimeperiod
 0001:000B34D8       root__throttleASdelay
 0001:000A267C       scn__canpaint
 0001:000A24A4       scn__changed
 0001:000A2754       scn__cls
 0001:000A27FC       scn__down
 0001:000A2D00       scn__gettext
 0001:000A2668       scn__height
 0001:000A2890       scn__hline
 0001:000A27BC       scn__moveto
 0001:000A2690       scn__paint
 0001:000A2988       scn__proc
 0001:000A2C74       scn__settitle
 0001:000A2634       scn__setvisible
 0001:000A2814       scn__setx
 0001:000A282C       scn__text
 0001:000A2620       scn__visible
 0001:000A28F4       scn__vline
 0001:000A2654       scn__width
 0001:000A2734       scn__windowcls
 0001:000A26F8       scn__windowsize
 0001:000A26A8       scn__writeln
 0001:000B2CE4       service__coderesponder3
 0001:000B2E30       service__install
 0001:000B2E54       service__install2
 0001:000B2BC4       service__makecodehandler2
 0001:000B2D70       service__sendstatus4
 0001:000B2B08       service__start1
 0001:000B31A0       service__uninstall
 0001:000B31C0       service__uninstall2
 0001:0009D24C       showerror
 0001:0009D26C       showerror2
 0001:000A5898       smallest32
 0001:00033478       stm__makereply2
 0001:00031490       stm__readdata1
 0001:0003B19C       stm__readmail
 0001:0003A778       stm__writedata3
 0001:000A5938       strbol
 0001:000A1B44       strbyte1
 0001:000A1838       strcopy0
 0001:000A1954       strcopy1
 0001:000A6898       strdec
 0001:000A1C38       strdef
 0001:000A1C84       strdefb
 0001:000A1AD4       strdel1
 0001:000A5998       strint
 0001:000A5BD8       strint32
 0001:000A5C58       strint64
 0001:000A0DF8       striptrailingrcodes
 0001:000A0EC4       striptrailingrcodesb
 0001:000A0D08       stripwhitespace
 0001:000A0C58       stripwhitespace_lt
 0001:000A1A78       strlast
 0001:000A06E8       strlow
 0001:000A0820       strmatch
 0001:000A0844       strmatch2
 0001:000A092C       strmatch32
 0001:000A1F18       strtofloatex
 0001:000A0784       strup
 0001:0009A614       str__aadd
 0001:00099EAC       str__add
 0001:00099EE0       str__add3
 0001:00099F28       str__add31
 0001:0009A708       str__addbyt1
 0001:0009A798       str__addint4
 0001:00099E74       str__addrec
 0001:0009A734       str__addsmi2
 0001:0009A770       str__addwrd2
 0001:00099534       str__af
 0001:0009A4AC       str__as8
 0001:0009A4E4       str__asame2
 0001:0009A514       str__asame3
 0001:00099488       str__autofree
 0001:0009B5E4       str__byt1
 0001:0009B154       str__bytes0
 0001:0009B1D8       str__bytes1
 0001:0009B900       str__c24
 0001:0009B9AC       str__c32
 0001:0009B874       str__c8
 0001:00099A74       str__clear
 0001:0009A2E8       str__del
 0001:0009A2BC       str__del3
 0001:00099960       str__free
 0001:0009BE24       str__fromb64
 0001:0009BE4C       str__fromb642
 0001:0009A184       str__ins
 0001:0009A1B4       str__ins2
 0001:0009A0DC       str__insstr
 0001:0009B770       str__int4
 0001:0009A470       str__is8
 0001:000995E0       str__len
 0001:000992DC       str__lock
 0001:00099358       str__lock2
 0001:000996B8       str__minlen
 0001:0009B51C       str__movefrom
 0001:0009B3E4       str__moveto
 0001:0009C588       str__multipart_nextitem
 0001:00099880       str__new8
 0001:000998C8       str__new9
 0001:00099910       str__newaf8
 0001:00099290       str__newsametype
 0001:0009C9A0       str__nextline0
 0001:00099240       str__ok
 0001:00099FA0       str__padd
 0001:0009B0D0       str__pbytes0
 0001:00099FE4       str__pins2
 0001:0009AA44       str__remchar
 0001:0009A9C0       str__sadd
 0001:0009AFD4       str__seekpos
 0001:0009B668       str__setbyt1
 0001:0009B2E0       str__setbytes0
 0001:0009B360       str__setbytes1
 0001:0009B7F4       str__setint4
 0001:0009979C       str__setlen
 0001:0009B260       str__setpbytes0
 0001:0009B04C       str__setseekpos
 0001:0009AC6C       str__settext
 0001:0009AD48       str__settextb
 0001:0009AF4C       str__sml2
 0001:00099B40       str__softclear2
 0001:00099974       str__splice
 0001:0009AE5C       str__str0
 0001:0009AD6C       str__str1
 0001:0009AB98       str__text
 0001:0009BA50       str__tob64
 0001:0009BA80       str__tob642
 0001:0009BAB4       str__tob643
 0001:00099430       str__uaf
 0001:00099450       str__uaf2
 0001:00099394       str__unlock
 0001:00099410       str__unlockautofree
 0001:0009B6E8       str__wrd2
 0001:0009A7C0       str__writeto1
 0001:0009A8C0       str__writeto1b
 0001:000A1088       sub64
 0001:000A0A5C       swapchars
 0001:000A0A2C       swapcharsb
 0001:000A0AEC       swapstrs
 0002:0016F418       sysbyteid
 0002:0016F8C8       sysbyteobj
 0002:0016FA58       sysbytepos
 0002:0016F3B4       sysbytestyle
 0002:0016F5A8       sysbytetime
 0002:00008DB8       sysclicktime
 0002:00008DD0       sysdowntime
 0001:00001078       SysFreeMem
 0001:00000EF0       SysGetMem
 0001:00003310       SysInit
 0002:0016ED70       sysintid
 0002:0016F220       sysintobj
 0002:0016F3B0       sysintpos
 0002:0016ED0C       sysintstyle
 0002:0016EF00       sysinttime
 0002:00008DB0       syskeytime
 0002:001815B8       sysleak_counter
 0002:00181540       sysleak_label
 0002:00181630       sysleak_show
 0002:001759C0       sysleak_start
 0002:0017B780       sysleak_stop
 0002:00008DC0       sysmovetime
 0002:00008DC8       sysmovetime_global
 0001:000013EC       SysReallocMem
 0001:000030F8       System
 0002:00008D10       system_adminlevel
 0002:00008D20       system_boot
 0002:00008D28       system_boot_date
 0002:00008C48       system_dayOfweek
 0002:00008C64       system_dayOfweek_abrv
 0002:00008E1C       system_debug_str1
 0002:00008E20       system_debug_str2
 0002:0016FA5C       system_default_ai
 0002:00008CF8       system_eventdriven
 0002:000083C4       system_filecache_active
 0002:000083C0       system_filecache_count
 0002:000083B8       system_filecache_filecount
 0002:000083AC       system_filecache_limit
 0002:0016FAAC       system_filecache_slot
 0002:000083B0       system_filecache_timer
 0002:00008D14       system_firsttimer
 0002:00008D60       system_fontlist_printer
 0002:00008D5C       system_fontlist_screen
 0002:00008E14       system_ia_useroptions_suppress_masklist
 0002:00000114       system_ipsec_badlimit
 0002:00000104       system_ipsec_banfor
 0002:00000108       system_ipsec_connlimit
 0002:0000011C       system_ipsec_datalimit
 0002:00000118       system_ipsec_hitlimit
 0002:0000010C       system_ipsec_postlimit
 0002:00000110       system_ipsec_postlimit2
 0002:00000100       system_ipsec_scanfor
 0002:00057840       system_ipsec_slot
 0002:00008D18       system_lasttimer
 0002:00008D9C       system_line_str
 0002:000000DC       system_log_cache
 0002:000000E0       system_log_cachetime
 0002:000000D4       system_log_datename
 0002:000000CC       system_log_folder
 0002:000000FC       system_log_gmtnowstr
 0002:000000F8       system_log_gmtoffset
 0002:000000D0       system_log_name
 0002:000000D8       system_log_safename
 0002:000000E8       system_log_varstime1
 0002:000000F0       system_log_varstime2
 0002:00008D78       system_message_count
 0002:00008CF0       system_min32_val
 0002:00182878       system_monitors_area
 0002:00008E18       system_monitors_count
 0002:001826E8       system_monitors_hmonitor
 0002:001834F8       system_monitors_primary
 0002:0018355C       system_monitors_totalarea
 0002:0018356C       system_monitors_totalworkarea
 0002:00182EB8       system_monitors_workarea
 0002:00008BE8       system_month
 0002:00008C18       system_month_abrv
 0002:00008CDC       system_ms64_init
 0002:00008CE0       system_ms64_last
 0002:00008CE8       system_ms64_offset
 0002:00008D04       system_musthalt
 0002:000000B4       system_net_count
 0002:000000BC       system_net_in
 0002:000000C4       system_net_out
 0002:000094B0       system_net_sesinfo
 0002:000000B0       system_net_session
 0002:00009640       system_net_slot
 0002:000000B8       system_net_sock
 0002:00008D1C       system_nographics
 0002:00008D3C       system_osbuild
 0002:00008D30       system_osid
 0002:00008D34       system_osmajver
 0002:00008D38       system_osminver
 0002:00008D40       system_osstr
 0002:00008D44       system_osWin98
 0002:00008D08       system_pause
 0002:00008D50       system_printerattr
 0002:00008D48       system_printerlist
 0002:00008D4C       system_printerserv
 0002:00008D54       system_printer_devicetimeout
 0002:00008D58       system_printer_retrytimeout
 0002:00008CFC       system_runstyle
 0002:00008D88       system_scn_height
 0002:001822F4       system_scn_lines
 0002:00008D90       system_scn_mustpaint
 0002:00008D8C       system_scn_ref
 0002:00008D98       system_scn_ref1
 0002:00008D94       system_scn_visible
 0002:00008D84       system_scn_width
 0002:00008D7C       system_scn_x
 0002:00008D80       system_scn_y
 0002:000079E0       system_screenlogpixels
 0002:001822C0       system_servicestatus
 0002:00008D0C       system_servicestatush
 0002:001822DC       system_servicetable
 0002:00008D64       system_settings
 0002:00008D70       system_settings_filt
 0002:00008D6C       system_settings_load
 0002:00008D68       system_settings_ref
 0002:000000AC       system_started
 0002:000083A8       system_started
 0002:00008E24       system_started
 0002:00008CB8       system_started
 0002:000079DC       system_started
 0002:00008D00       system_state
 0002:001823E4       system_stdin
 0002:00008DA0       system_timeperiod
 0002:00008DE0       system_timer1
 0002:00008DE8       system_timer2
 0002:00008DF0       system_timer3
 0002:00008DF8       system_timer4
 0002:00008E00       system_timer5
 0002:00008E08       system_timer500
 0002:00008DA4       system_turbo
 0002:00008DA8       system_turboref
 0002:00008D74       system_wproc
 0002:00008E2C       system_xbox_getstate
 0002:00008E28       system_xbox_init
 0002:00183580       system_xbox_retryref64
 0002:00008E30       system_xbox_setstate
 0002:001835A0       system_xbox_statelist
 0002:00182648       systhread_bufferid
 0002:00182670       systhread_bufferid2
 0002:001826C0       systhread_bufferlen
 0002:00182698       systhread_cmd
 0002:001824B8       systhread_fast64
 0002:0018240C       systhread_handle
 0002:00182434       systhread_id
 0002:00008E10       systhread_initall
 0002:00182508       systhread_lag
 0002:001825A8       systhread_lagref
 0002:00182558       systhread_lastlag
 0002:00182400       systhread_muststop
 0002:001823F4       systhread_ready
 0002:001825F8       systhread_ref1000
 0002:001823E8       systhread_running
 0002:0018245C       systhread_timerid
 0002:00182484       systhread_timerms
 0002:001824AC       systhread_usingtimer
 0001:00099D78       systhread__canstop
 0001:00099C30       systhread__initall
 0001:00099E4C       systhread__slotOK
 0001:00099DB8       systhread__stopall
 0002:0016EB78       systmpbmp
 0002:0016E6C8       systmpid
 0002:0016ED08       systmppos
 0002:0016E664       systmpstyle
 0002:0016E858       systmptime
 0002:00008DD8       syswheeltime
 0002:00181634       sys_crc32
 0002:00008CF4       sys_initcrc32
 0001:0004B498       tbasicimage.copyfrom
 0001:0004B2B4       tbasicimage.create
 0001:0004B3D0       tbasicimage.destroy
 0001:0004B5BC       tbasicimage.setparams
 0001:0004B7D8       tbasicimage.setraw
 0001:0004B58C       tbasicimage.sizeto
 0001:00043A68       tbubblesmodule.canmakepage
 0001:00043A18       tbubblesmodule.canmakeraw
 0001:000430C8       tbubblesmodule.create
 0001:000431B8       tbubblesmodule.destroy
 0001:00043628       tbubblesmodule.gb
 0001:000438E4       tbubblesmodule.getvals
 0001:000436C0       tbubblesmodule.gi
 0001:000433D4       tbubblesmodule.inc_jobcount
 0001:00043888       tbubblesmodule.info
 0001:000431E8       tbubblesmodule.listing
 0001:00043AB8       tbubblesmodule.makepage
 0001:00043340       tbubblesmodule.mp
 0001:000432D8       tbubblesmodule.pp
 0001:000434F0       tbubblesmodule.rb
 0001:00043904       tbubblesmodule.readvals
 0001:000438D8       tbubblesmodule.regvals
 0001:00043588       tbubblesmodule.ri
 0001:00043140       tbubblesmodule.run
 0001:00043758       tbubblesmodule.sb
 0001:000438F8       tbubblesmodule.setvals
 0001:000437F0       tbubblesmodule.si
 0001:000439B0       tbubblesmodule.specialvals
 0001:00043960       tbubblesmodule.statusinfo
 0001:00043480       tbubblesmodule.storagefilename
 0001:00043410       tbubblesmodule.storagefolder
 0001:000433F0       tbubblesmodule.subname
 0001:0004397C       tbubblesmodule.toolbarcount
 0001:00043994       tbubblesmodule.toolbaritem
 0001:00043184       tbubblesmodule.xrundone
 0001:0004315C       tbubblesmodule.xrunstart
 0001:00043B08       tbubblesmodule.xtimer
 0001:000AEA50       tcmplist.clear
 0001:000AE8A4       tcmplist.create
 0001:000AE9BC       tcmplist.destroy
 0001:000AEC60       tcmplist.fastinfo
 0001:000AED18       tcmplist.getvalue
 0001:000AEA64       tcmplist.setcount
 0001:000AEDC4       tcmplist.setvalue
 0001:000A8A24       tdynamicbyte.create
 0001:000A8A98       tdynamicbyte.destroy
 0001:000A8B50       tdynamicbyte.setvalue
 0001:000A8B2C       tdynamicbyte._corehandle
 0001:000A8B00       tdynamicbyte._init
 0001:000A8BA8       tdynamicbyte._sort
 0001:000A8BE0       tdynamicbyte.__sort
 0001:000A8D24       tdynamiccomp.create
 0001:000A8D98       tdynamiccomp.destroy
 0001:000A8EE8       tdynamiccomp.find
 0001:000A8E44       tdynamiccomp.getvalue
 0001:000A8E88       tdynamiccomp.setvalue
 0001:000A8E2C       tdynamiccomp._corehandle
 0001:000A8E00       tdynamiccomp._init
 0001:000A8FA0       tdynamiccomp._sort
 0001:000A8FD8       tdynamiccomp.__sort
 0001:000A86C8       tdynamicdatetime.create
 0001:000A8740       tdynamicdatetime.destroy
 0001:000A87F0       tdynamicdatetime.getvalue
 0001:000A8834       tdynamicdatetime.setvalue
 0001:000A87D8       tdynamicdatetime._corehandle
 0001:000A87AC       tdynamicdatetime._init
 0001:000A8894       tdynamicdatetime._sort
 0001:000A88CC       tdynamicdatetime.__sort
 0001:000A8398       tdynamicinteger.create
 0001:000A840C       tdynamicinteger.destroy
 0001:000A84B8       tdynamicinteger.getvalue
 0001:000A84F4       tdynamicinteger.setvalue
 0001:000A84A0       tdynamicinteger._corehandle
 0001:000A8474       tdynamicinteger._init
 0001:000A854C       tdynamicinteger._sort
 0001:000A8584       tdynamicinteger.__sort
 0001:000A811C       tdynamiclist.atleast
 0001:000A7CA4       tdynamiclist.clear
 0001:000A7838       tdynamiclist.create
 0001:000A827C       tdynamiclist.del
 0001:000A8180       tdynamiclist.delrange
 0001:000A7930       tdynamiclist.destroy
 0001:000A82A4       tdynamiclist.forcesize
 0001:000A7A78       tdynamiclist.nullsort
 0001:000A82F8       tdynamiclist.setcount
 0001:000A7C80       tdynamiclist.setincsize
 0001:000A7F00       tdynamiclist.setparams
 0001:000A8320       tdynamiclist.setsize
 0001:000A7D4C       tdynamiclist.shift
 0001:000A8348       tdynamiclist.sindex
 0001:000A7B24       tdynamiclist.sort
 0001:000A7DF4       tdynamiclist.swap
 0001:000A7BCC       tdynamiclist._corehandle
 0001:000A7A60       tdynamiclist._createsupport
 0001:000A7A6C       tdynamiclist._destroysupport
 0001:000A7B88       tdynamiclist._init
 0001:000A7BD8       tdynamiclist._oncreateitem
 0001:000A7C2C       tdynamiclist._onfreeitem
 0001:000A7F34       tdynamiclist._setparams
 0001:000A7B78       tdynamiclist._sort
 0001:000A9D98       tdynamicstr8.create
 0001:000A9E18       tdynamicstr8.destroy
 0001:000A9F58       tdynamicstr8.getvalue
 0001:000A9ED8       tdynamicstr8._corehandle
 0001:000A9EB4       tdynamicstr8._init
 0001:000A9EF0       tdynamicstr8._oncreateitem
 0001:000A9F24       tdynamicstr8._onfreeitem
 0001:000AA128       tdynamicstr9.clear
 0001:000A9FE8       tdynamicstr9.create
 0001:000AA078       tdynamicstr9.destroy
 0001:000AA13C       tdynamicstr9.getcount
 0001:000AA264       tdynamicstr9.getvalue
 0001:000AA184       tdynamicstr9.setcount
 0001:000AA2E8       tdynamicstr9.setvalue
 0001:000A9138       tdynamicstring.create
 0001:000A91AC       tdynamicstring.destroy
 0001:000A93EC       tdynamicstring.getstext
 0001:000A96B8       tdynamicstring.getsvalue
 0001:000A9214       tdynamicstring.gettext
 0001:000A95E4       tdynamicstring.getvalue
 0001:000A9318       tdynamicstring.settext
 0001:000A9628       tdynamicstring.setvalue
 0001:000A9514       tdynamicstring._corehandle
 0001:000A94F0       tdynamicstring._init
 0001:000A952C       tdynamicstring._oncreateitem
 0001:000A9588       tdynamicstring._onfreeitem
 0001:000A96E4       tdynamicstring._sort
 0001:000A971C       tdynamicstring.__sort
 0001:000A9D6C       tdynamicvars.clear
 0001:000A988C       tdynamicvars.create
 0001:000A9964       tdynamicvars.destroy
 0001:000A9A7C       tdynamicvars.find
 0001:000A9AE0       tdynamicvars.find2
 0001:000A9A60       tdynamicvars.getcount
 0001:000A9CC4       tdynamicvars.getname
 0001:000A9A14       tdynamicvars.setincsize
 0001:000A9D08       tdynamicvars.setvalue
 0001:0004FBC0       tea__fromdata32
 0001:0004F85C       tea__info3
 0001:0004F138       tea__todata2
 0001:0004F2D8       tea__todata32
 0001:000A7044       tepext
 0002:0000902F       Test8086
 0002:00009030       Test8087
 0002:00009031       TestFDIV
 0001:000A1560       text__fromoneline
 0001:000A145C       text__tooneline
 0001:000B17F8       tfastvars.cinc
 0001:000B184C       tfastvars.cinc2
 0001:000B096C       tfastvars.clear
 0001:000B0090       tfastvars.create
 0001:000B0130       tfastvars.destroy
 0001:000B0C28       tfastvars.find
 0001:000B0D38       tfastvars.found
 0001:000B02C0       tfastvars.fromfile
 0001:000B0F24       tfastvars.getb
 0001:000B1138       tfastvars.getc
 0001:000B1488       tfastvars.getchecked
 0001:000B1028       tfastvars.geti
 0001:000B1378       tfastvars.getn
 0001:000B1240       tfastvars.gets
 0001:000B0680       tfastvars.gettext
 0001:000B1400       tfastvars.getv
 0001:000B1508       tfastvars.setb
 0001:000B1664       tfastvars.setc
 0001:000B03C8       tfastvars.setdata
 0001:000B15B8       tfastvars.seti
 0001:000B0808       tfastvars.setnettext
 0001:000B1714       tfastvars.sets
 0001:000B0654       tfastvars.settext
 0001:000B0D90       tfastvars.sfound
 0001:000B0E40       tfastvars.sfound8
 0001:000B01BC       tfastvars.tofile
 0001:000B1CA0       tflowcontrol.at
 0001:000B1D48       tflowcontrol.at32
 0001:000B18F8       tflowcontrol.create
 0001:000B19B8       tflowcontrol.destroy
 0001:000B1D24       tflowcontrol.go32
 0001:000B1AC4       tflowcontrol.halt
 0001:000B1B5C       tflowcontrol.halted
 0001:000B1BE0       tflowcontrol.idle
 0001:000B1A48       tflowcontrol.start
 0001:000B1B10       tflowcontrol.started
 0001:000B1C2C       tflowcontrol.switchto
 0001:000B1CC4       tflowcontrol.switchto32
 0001:00057E50       tga__fromdata
 0001:00057014       tga__todata3
 0001:0004ADA8       tgifsupport.create
 0001:0004AE9C       tgifsupport.destroy
 0001:0004AFA8       tgifsupport.pcls
 0001:0004B0D4       tgifsupport.pmake
 0001:0004AF48       tgifsupport.size
 0001:000606D4       thashtable.clear
 0001:000605B4       thashtable.create
 0001:0006063C       thashtable.destroy
 0001:000606F4       thashtable.insert
 0001:00060788       thashtable.lookup
 0001:000458B0       ticonmaker.canmakepage
 0001:00045860       ticonmaker.canmakeraw
 0001:00043B14       ticonmaker.create
 0001:00043CF4       ticonmaker.destroy
 0001:00046EA4       ticonmaker.getvals
 0001:00046B5C       ticonmaker.info
 0001:00043D60       ticonmaker.listing
 0001:00045BD4       ticonmaker.makepage
 0001:00046A80       ticonmaker.readvals
 0001:00046E50       ticonmaker.regvals
 0001:00043BA4       ticonmaker.run
 0001:00046F00       ticonmaker.setvals
 0001:00045794       ticonmaker.specialvals
 0001:00046CDC       ticonmaker.toolbarcount
 0001:00046DB8       ticonmaker.toolbaritem
 0001:00045630       ticonmaker.xtimer
 0001:00048C18       timageconverter.canmakepage
 0001:00048BC8       timageconverter.canmakeraw
 0001:00046F54       timageconverter.create
 0001:00047140       timageconverter.destroy
 0001:0004A2E0       timageconverter.getvals
 0001:00049F84       timageconverter.info
 0001:000471AC       timageconverter.listing
 0001:00048F40       timageconverter.makepage
 0001:00049EA4       timageconverter.readvals
 0001:0004A28C       timageconverter.regvals
 0001:00046FF0       timageconverter.run
 0001:0004A33C       timageconverter.setvals
 0001:00048AF8       timageconverter.specialvals
 0001:0004A108       timageconverter.toolbarcount
 0001:0004A1E4       timageconverter.toolbaritem
 0001:00048994       timageconverter.xtimer
 0001:000AE424       tintlist.clear
 0001:000AE1C0       tintlist.create
 0001:000AE2D8       tintlist.destroy
 0001:000AE68C       tintlist.fastinfo
 0001:000AE774       tintlist.getptr
 0001:000AE36C       tintlist.mem
 0001:000AE39C       tintlist.mem_predict
 0001:000AE438       tintlist.mincount
 0001:000AE4A4       tintlist.setcount
 0001:000AE804       tintlist.setptr
 0001:000514B0       tj32__fromdata
 0001:00051574       tj32__fromdata2
 0001:00051BD4       tj32__todata3
 0002:0000949C       TlsIndex
 0002:FFB4B008       TlsLast
 0001:0000B928       tmailsender.create
 0001:0000BBF0       tmailsender.destroy
 0001:0000C078       tmailsender.saveTOqueue
 0001:0000E7E0       tmailsender.setdnslist
 0001:0000BFC4       tmailsender.setfolder
 0001:0000BD40       tmailsender.status
 0001:0000D468       tmailsender.xtimer
 0001:000091C8       tnetbasic.clear
 0001:000090C8       tnetbasic.create
 0001:00009158       tnetbasic.destroy
 0001:000090BC       tnetmore.clear
 0001:00008FE0       tnetmore.create
 0001:00009058       tnetmore.destroy
 0001:0000AE2C       tnewvisitor.clear
 0001:0000AD1C       tnewvisitor.create
 0001:0000ADA0       tnewvisitor.destroy
 0001:0000AF04       tnewvisitor.new
 0001:000018A8       TObject.ClassNameIs
 0001:0000190C       TObject.Create
 0001:000019D0       TObject.DefaultHandler
 0001:00001928       TObject.Destroy
 0001:00001934       TObject.Free
 0001:000018E4       TObject.FreeInstance
 0001:00001940       TObject.InitInstance
 0001:000018D0       TObject.NewInstance
 0001:000019C8       TObject.SafeCallException
 0001:000A74C4       tobjectex.create
 0001:000A7544       tobjectex.destroy
 0001:0004A5EC       tools
 0001:00042834       tools__bytes
 0001:00042D88       tools__canprefix
 0001:00041D94       tools__count
 0001:000429A0       tools__find
 0001:00042A78       tools__findbypage2
 0001:00042AE8       tools__findbypage3
 0001:000425B8       tools__info
 0001:00042560       tools__listing
 0001:00042388       tools__listings
 0001:00042E10       tools__makepage2
 0001:00042EFC       tools__makepagestr2
 0001:000426FC       tools__names
 0001:0004303C       tools__readvals
 0001:00041CF0       tools__run
 0001:00042FF0       tools__setvals
 0001:00042CFC       tools__specialvals
 0001:00041C94       tools__start
 0001:00042C78       tools__statusinfo
 0001:00042954       tools__timers
 0001:00042BEC       tools__toolbarcount
 0001:00042C24       tools__toolbaritem
 0001:00042744       tools__vers
 0002:00174A20       track_active
 0002:00008CD0       track_bytes
 0002:00174D40       track_create
 0002:00175060       track_destroy
 0002:00008CC8       track_lastcreate
 0002:00008CCC       track_lastdestroy
 0002:00175380       track_ratec
 0002:001756A0       track_rated
 0002:00008CD8       track_total
 0001:000954B4       track__inc
 0001:00095674       track__val
 0001:0004B8E0       trawimage.create
 0001:0004B9E8       trawimage.destroy
 0001:0004BC38       trawimage.getscanline
 0001:0004BA94       trawimage.setparams
 0001:0004BB24       trawimage.setparams2
 0001:0000B3E0       tshortdnscache.add
 0001:0000B240       tshortdnscache.clear
 0001:0000B128       tshortdnscache.create
 0001:0000B3BC       tshortdnscache.dead
 0001:0000B1B0       tshortdnscache.destroy
 0001:0000B2BC       tshortdnscache.exists2
 0001:0000B830       tshortlist.canpull
 0001:0000B6D4       tshortlist.clear
 0001:0000B5C4       tshortlist.create
 0001:0000B648       tshortlist.destroy
 0001:0000B720       tshortlist.fill
 0001:0000B748       tshortlist.fill2
 0001:0000B84C       tshortlist.pull
 0001:0000B90C       tshortlist.pullb
 0001:000AB278       tstr8.aadd
 0001:000AADC8       tstr8.add
 0001:000AB844       tstr8.addbyt1
 0001:000AB7E8       tstr8.addint4
 0001:000AB8C4       tstr8.addrec
 0001:000AB870       tstr8.addstr
 0001:000AB810       tstr8.addwrd2R
 0001:000AB2B0       tstr8.ains
 0001:000AB2E4       tstr8.ains2
 0001:000AA7CC       tstr8.asame
 0001:000AA7F8       tstr8.asame3
 0001:000AA830       tstr8.asame4
 0001:000AAB24       tstr8.clear
 0001:000AA378       tstr8.create
 0001:000AAC9C       tstr8.del
 0001:000AAC70       tstr8.del3
 0001:000AA4B8       tstr8.destroy
 0001:000ABCD8       tstr8.getbyt1
 0001:000AC360       tstr8.getbytes
 0001:000AC3E0       tstr8.getbytes1
 0001:000AB940       tstr8.getc24
 0001:000AB9C0       tstr8.getc32
 0001:000AB8FC       tstr8.getc8
 0001:000ABA44       tstr8.getcmp8
 0001:000ABB18       tstr8.getint4
 0001:000ABB94       tstr8.getint4i
 0001:000ABBB8       tstr8.getsml2
 0001:000ABD1C       tstr8.getstr
 0001:000ABDE0       tstr8.getstr1
 0001:000ABE08       tstr8.gettext
 0001:000ABC18       tstr8.getwrd2
 0001:000ABC78       tstr8.getwrd2R
 0001:000AADF8       tstr8.ins2
 0001:000AA610       tstr8.lock
 0001:000AAB68       tstr8.minlen
 0001:000AB0CC       tstr8.owr
 0001:000AB0FC       tstr8.owr2
 0001:000AB450       tstr8.pins2
 0001:000AB5DC       tstr8.sadd
 0001:000AB60C       tstr8.sadd3
 0001:000AC2D4       tstr8.scanline
 0001:000AC154       tstr8.setbyt1
 0001:000AC3A4       tstr8.setbytes
 0001:000ABF3C       tstr8.setcmp8
 0001:000AC020       tstr8.setint4
 0001:000AC0B8       tstr8.setint4i
 0001:000AAB44       tstr8.setlen
 0001:000AC424       tstr8.setreplacestr
 0001:000AC1B0       tstr8.setstr
 0001:000ABEA8       tstr8.settext
 0001:000AC0DC       tstr8.setwrd2R
 0001:000AB650       tstr8.sins2
 0001:000AA578       tstr8.splice
 0001:000AA620       tstr8.unlock
 0001:000AA6D0       tstr8.writeto
 0001:000AA640       tstr8.writeto1
 0001:000AA674       tstr8.writeto1b
 0001:000AA974       tstr8.xresize
 0001:000AAE2C       tstr8._ins2
 0001:000AD49C       tstr9.aadd
 0001:000AD4D4       tstr9.ains2
 0001:000AD944       tstr9.asame3
 0001:000AD97C       tstr9.asame4
 0001:000ACC34       tstr9.clear
 0001:000AC488       tstr9.create
 0001:000ADAC0       tstr9.del
 0001:000AC5A8       tstr9.destroy
 0001:000AC8C0       tstr9.fastinfo
 0001:000ACA3C       tstr9.fastread
 0001:000AC96C       tstr9.fastwrite
 0001:000ADE78       tstr9.getbyt1
 0001:000ADC70       tstr9.getc24
 0001:000ADCE4       tstr9.getc32
 0001:000ADC38       tstr9.getc8
 0001:000ADD5C       tstr9.getint4
 0001:000ADDD0       tstr9.getsml2
 0001:000ADEB0       tstr9.getstr
 0001:000ADF6C       tstr9.getstr1
 0001:000ADF94       tstr9.gettext
 0001:000ACB10       tstr9.getv
 0001:000ADE24       tstr9.getwrd2
 0001:000AD1D4       tstr9.ins2
 0001:000AC644       tstr9.lock
 0001:000ACF48       tstr9.mem_predict
 0001:000AD028       tstr9.minlen
 0001:000AD620       tstr9.pins2
 0001:000AD794       tstr9.sadd
 0001:000AE0CC       tstr9.setbyt1
 0001:000AE054       tstr9.setint4
 0001:000ACC8C       tstr9.setlen
 0001:000AE108       tstr9.settext
 0001:000ACBA4       tstr9.setv
 0001:000AD7C4       tstr9.sins2
 0001:000ACC54       tstr9.softclear2
 0001:000AC818       tstr9.splice
 0001:000AC654       tstr9.unlock
 0001:000AC730       tstr9.writeto
 0001:000AC674       tstr9.writeto1
 0001:000AC6A8       tstr9.writeto1b
 0001:000AD098       tstr9.xshiftup
 0001:000AEF90       tvars8.clear
 0001:000AEE74       tvars8.create
 0001:000AEEFC       tvars8.destroy
 0001:000AF344       tvars8.found
 0001:000AEFA8       tvars8.getb
 0001:000AFCC0       tvars8.getdata
 0001:000AF088       tvars8.geti
 0001:000AF164       tvars8.geti64
 0001:000AF240       tvars8.gets
 0001:000AFC34       tvars8.gettext
 0001:000AF000       tvars8.setb
 0001:000AFDFC       tvars8.setdata
 0001:000AF0F4       tvars8.seti
 0001:000AF1D4       tvars8.seti64
 0001:000AF2E0       tvars8.sets
 0001:000AF7C4       tvars8.xnextname
 0001:0004BD50       twinbmp.create
 0001:0004BE44       twinbmp.destroy
 0001:0004BEE0       twinbmp.setparams
 0001:0004BF10       twinbmp.setparams2
 0001:000A7688       twproc.create
 0001:000A779C       twproc.destroy
 0002:000093CC       Unassigned
 0001:00002410       UniqueString
 0001:00002A08       UnregisterModule
 0001:000956D0       utf8__charlen
 0001:00095714       utf8__charpoint0
 0001:000959E8       utf8__encodetohtml
 0001:00095B50       utf8__encodetohtmlstr
 0001:00095D08       utf8__toascii
 0001:00095C38       utf8__toasciib
 0001:00095F04       utf8__toplaintext7bit
 0001:00095EB8       utf8__toplaintext7bitb
 0001:000A55A4       validarea
 0001:000A0408       vnew
 0001:000B2624       win__FindClose
 0001:000B2568       win__FindFirst
 0001:000B24D0       win__FindMatchingFile
 0001:000B25D4       win__FindNext
 0001:000B20EC       win___RegCreateKeyEx
 0001:000B2074       win____CloseHandle
 0001:000B212C       win____CloseServiceHandle
 0001:000B1F14       win____CreateCompatibleDC
 0001:000B1F1C       win____CreateDIBSection
 0001:000B1EDC       win____CreateDirectory
 0001:000B205C       win____CreateFile
 0001:000B2134       win____CreateService
 0001:000B243C       win____CreateWindow
 0001:000B20C4       win____CreateWindowEx
 0001:000B20B4       win____DefWindowProc
 0001:000B1F7C       win____DeleteDC
 0001:000B1EF4       win____DeleteFile
 0001:000B20DC       win____DeleteObject
 0001:000B2144       win____DeleteService
 0001:000B1F6C       win____DestroyWindow
 0001:000B201C       win____DispatchMessage
 0001:000B20AC       win____FileTimeToDosDateTime
 0001:000B20A4       win____FileTimeToLocalFileTime
 0001:000B1FF4       win____FillConsoleOutputAttribute
 0001:000B1FEC       win____FillConsoleOutputCharacter
 0001:000B21E4       win____FindClose
 0001:000B21D4       win____FindFirstFile
 0001:000B21DC       win____FindNextFile
 0001:000B2054       win____FlushFileBuffers
 0001:000B1F0C       win____GdiFlush
 0001:000B1FE4       win____GetConsoleScreenBufferInfo
 0001:000B1FCC       win____GetCurrentProcess
 0001:000B1F64       win____GetDC
 0001:000B1F84       win____GetDeviceCaps
 0001:000B1EE4       win____GetFileAttributes
 0001:000B207C       win____GetFileInformationByHandle
 0001:000B2064       win____GetFileSize
 0001:000B1FD4       win____GetLastError
 0001:000B1EEC       win____GetLocalTime
 0001:000B209C       win____GetLogicalDrives
 0001:000B1FC4       win____GetPriorityClass
 0001:000B1FB4       win____GetProcessHeap
 0001:000B1FDC       win____GetStdHandle
 0001:000B206C       win____GetSystemTime
 0001:000B204C       win____GetTempPathA
 0001:000B1F5C       win____GetVersionEx
 0001:000B2034       win____GetVolumeInformation
 0001:000B1F4C       win____GlobalAlloc
 0001:000B1F34       win____GlobalFree
 0001:000B1F24       win____GlobalHandle
 0001:000B1F44       win____GlobalLock
 0001:000B1F54       win____GlobalReAlloc
 0001:000B1F2C       win____GlobalSize
 0001:000B1F3C       win____GlobalUnlock
 0001:000B1FA4       win____HeapAlloc
 0001:000B1FAC       win____HeapFree
 0001:000B1F94       win____KillTimer
 0001:000B1EFC       win____MoveFile
 0001:000B2124       win____OpenSCManager
 0001:000B213C       win____OpenService
 0001:000B2014       win____PeekMessage
 0001:000B2094       win____ReadFile
 0001:000B20FC       win____RegCloseKey
 0001:000B20BC       win____RegisterClassA
 0001:000B2114       win____RegisterServiceCtrlHandler
 0001:000B20F4       win____RegOpenKey
 0001:000B2104       win____RegSetValueEx
 0001:000B1F74       win____ReleaseDC
 0001:000B21EC       win____RemoveDirectory
 0001:000B20D4       win____SelectObject
 0001:000B200C       win____SetConsoleCtrlHandler
 0001:000B1FFC       win____SetConsoleCursorPosition
 0001:000B2004       win____SetConsoleTitle
 0001:000B202C       win____SetErrorMode
 0001:000B1F04       win____SetFileAttributes
 0001:000B2084       win____SetFilePointer
 0001:000B1FBC       win____SetPriorityClass
 0001:000B211C       win____SetServiceStatus
 0001:000B1F8C       win____SetTimer
 0001:000B20CC       win____SHGetMalloc
 0001:000B2044       win____SHGetPathFromIDList
 0001:000B203C       win____SHGetSpecialFolderLocation
 0001:000B20E4       win____sleep
 0001:000B210C       win____StartServiceCtrlDispatcher
 0001:000B2154       win____timeBeginPeriod
 0001:000B215C       win____timeEndPeriod
 0001:000B214C       win____timeGetTime
 0001:000B2024       win____TranslateMessage
 0001:000B1F9C       win____WaitMessage
 0001:000B208C       win____WriteFile
 0001:00011464       xaccept_connection_autotype
 0001:00017874       xaddfiletoram
 0001:0005B4AC       xbm__todata3
 0001:000B37DC       xbox__index
 0001:000B35E4       xbox__init
 0001:000B361C       xbox__setstate
 0001:000B3750       xbox__setstate2
 0001:000B35B4       xbox__stop
 0001:00011514       xclose_connection
 0001:00011DAC       xcmdline__mustclose
 0001:00015250       xcmdline__mustclose2
 0001:00011D5C       xcmdline__output
 0001:0002EB98       xcodedes
 0001:000326AC       xcolumnRight
 0001:000302A4       xcommonheaders
 0001:0001EC94       xcompose
 0001:00021790       xconbut
 0001:00011440       xconn_count
 0001:0001141C       xconn_limit
 0001:0002DFD8       xcontact_html
 0001:00019BF4       xdailysummary
 0001:000177C0       xdombytes
 0001:00017710       xdomfiles
 0001:00020414       xdommapping
 0001:0002013C       xdommapping2
 0001:0001CFA8       xencodetextforhtml_barely
 0001:00019800       xendofday
 0001:00016C00       xextractsessionname
 0001:000189BC       xfileinram
 0001:00017580       xforce_backslash
 0001:00017648       xforce_slash
 0001:00018B34       xfromfile64
 0001:00027ADC       xh2
 0001:00027B68       xh2b
 0001:0002D7FC       xhtmlback
 0001:0002D858       xhtmlfinish
 0001:0002D86C       xhtmlfinish2
 0001:00027D7C       xhtmlstart
 0001:00027DA0       xhtmlstart1
 0001:00027E04       xhtmlstart2
 0001:000284FC       xhtmlstart3
 0001:00028564       xhtmlstart4
 0001:00028FD8       xhtmlstart5
 0001:0001DEA4       xinbox
 0001:0001C7E0       xinbox_act
 0001:0001C6A0       xinbox_filenameassubject
 0001:0001C38C       xinbox_msgastext
 0001:0001AA14       xinbox__folder
 0001:0001AAAC       xinbox__markread
 0001:00016454       xinchit
 0001:00022E50       xinfo
 0001:00022648       xinfo2
 0001:00021010       xinfostats
 0001:00021ACC       xlivestatus
 0001:00011310       xload_counter
 0001:0002E948       xlogrequest_http
 0001:0002EAE0       xlogrequest_smtp
 0001:0001A54C       xlogs
 0001:000184E0       xmakehash
 0001:0003C420       xmakehelp
 0001:00016238       xmakehitspng
 0001:00016680       xmakepngs
 0001:00024DD8       xmanage
 0001:0002FC98       xmimelist
 0001:00030128       xmimetype
 0001:0002F0EC       xmime_fallback
 0001:00032700       xminiconsole
 0001:0001CF58       xneurl
 0001:00016D90       xnewsession
 0001:00016D20       xpassword_ok
 0001:0003286C       xpowerlevel
 0001:0003BD64       xrambytes
 0001:0001884C       xramfind
 0001:00018640       xramnewslot
 0001:00027644       xredirect__addlocal
 0001:00027900       xredirect__clean
 0001:000271CC       xredirect__have
 0001:0002749C       xredirect__sitelinks
 0001:00017B20       xreload
 0001:00016A2C       xresolvehost
 0001:0002DA7C       xsafewebname
 0001:00017338       xsessiondel
 0001:00017454       xsessiondelall
 0001:00016FEC       xsessionok
 0001:00032A24       xsetdaily_bandwidth_quota
 0001:000174C4       xstrcopyto
 0001:000194A4       xstreammore
 0001:00018D88       xstreamstart
 0001:00027E64       xsymbol
 0001:000216A4       xtotallabel
 0001:00027D18       xvsep
 0001:00019678       xwritemsg
 0001:0008B564       zip__compress
 0001:000A2424       zzadd
 0001:000A2430       zzdel
 0001:0004AD34       zzimg
 0001:000A2470       zznil
 0001:000A248C       zznil2
 0001:000A243C       zzok
 0001:000A2458       zzok2
 0001:0009CB34       _blen


  Address         Publics by Value

 0002:FFB4B008       TlsLast
 0001:00000EF0       SysGetMem
 0001:00001078       SysFreeMem
 0001:000013EC       SysReallocMem
 0001:000014B0       @GetMem
 0001:000014C8       @FreeMem
 0001:000014E0       @ReallocMem
 0001:00001584       Move
 0001:00001630       ParamStr
 0001:00001688       Randomize
 0001:000016C4       @INT
 0001:000016DC       @FRAC
 0001:000016F8       @ROUND
 0001:00001700       @TRUNC
 0001:0000171C       @PStrNCat
 0001:0000174C       @PStrCpy
 0001:00001768       @FillChar
 0001:00001788       @RandInt
 0001:000018A8       TObject.ClassNameIs
 0001:000018D0       TObject.NewInstance
 0001:000018E4       TObject.FreeInstance
 0001:0000190C       TObject.Create
 0001:00001928       TObject.Destroy
 0001:00001934       TObject.Free
 0001:00001940       TObject.InitInstance
 0001:00001994       @IsClass
 0001:000019AC       @AsClass
 0001:000019C8       TObject.SafeCallException
 0001:000019D0       TObject.DefaultHandler
 0001:000019D4       @ClassCreate
 0001:00001A10       @ClassDestroy
 0001:00001B00       @HandleAnyException
 0001:00001BC4       @HandleFinally
 0001:00001BFC       @RaiseExcept
 0001:00001C18       @RaiseAgain
 0001:00001C6C       @DoneExcept
 0001:00001C9C       @TryFinallyExit
 0001:00001EE4       @StartExe
 0001:00001F98       @Halt0
 0001:000020B0       @Halt
 0001:000020BC       @RunError
 0001:000020C8       @LStrClr
 0001:000020EC       @LStrArrayClr
 0001:0000211C       @LStrAsg
 0001:00002160       @LStrLAsg
 0001:00002188       @NewAnsiString
 0001:000021AC       @LStrFromPCharLen
 0001:000021DC       @LStrFromChar
 0001:000021EC       @LStrFromPChar
 0001:0000221C       @LStrFromString
 0001:00002228       @LStrFromArray
 0001:00002240       @LStrLen
 0001:00002248       @LStrCat
 0001:0000228C       @LStrCat3
 0001:00002300       @LStrCatN
 0001:00002350       @LStrCmp
 0001:000023F4       @LStrAddRef
 0001:00002404       @LStrToPChar
 0001:00002410       UniqueString
 0001:00002444       @LStrCopy
 0001:00002484       @LStrDelete
 0001:000024CC       @LStrSetLength
 0001:00002530       @Write0LString
 0001:00002538       @WriteLString
 0001:00002558       @WStrClr
 0001:00002570       @WStrArrayClr
 0001:00002594       @InitializeRecord
 0001:000025C0       @InitializeArray
 0001:00002650       @Initialize
 0001:0000265C       @FinalizeRecord
 0001:00002688       @FinalizeArray
 0001:00002748       @Finalize
 0001:00002754       @New
 0001:00002768       @Dispose
 0001:00002778       @VarClear
 0001:000027AC       @VarClr
 0001:000027B4       FindHInstance
 0001:000027DC       LoadResourceModule
 0001:000029F8       RegisterModule
 0001:00002A08       UnregisterModule
 0001:00002A78       @IntfClear
 0001:00002C92       @Assign
 0001:00002CE8       @_Flush
 0001:00002D0D       @Flush
 0001:00002D34       @Close
 0001:00002DE8       @FSafeDivideR
 0001:00002DEA       @FSafeDivide
 0001:00002F0B       @ResetText
 0001:00002F12       @RewritText
 0001:00002F19       @Append
 0001:00002FC4       @Write0String
 0001:00002FCE       @WriteString
 0001:00002FEB       @WriteLn
 0001:00002FFF       @Write0Char
 0001:00003051       @WriteChar
 0001:00003068       @Write0CString
 0001:0000306C       @WriteCString
 0001:00003098       Finalization
 0001:000030F8       System
 0001:0000322C       @GetTls
 0001:000032BC       @InitExe
 0001:000032E0       Finalization
 0001:00003310       SysInit
 0001:00003470       gossnet__start
 0001:000034FC       gossnet__stop
 0001:0000355C       info__net
 0001:00003708       dns__pushquery_A
 0001:0000376C       dns__pushquery_MX
 0001:000037D0       dns__pushquery_XXX
 0001:000039E0       dns__pullquery_A
 0001:00003A10       dns__pullquery_MX
 0001:00003BB8       dns__pullquery_XXX
 0001:00003E3C       net__mimefind
 0001:00003F94       net__mimelist
 0001:00004B3C       net__IP4str
 0001:00004BEC       net__strIP4
 0001:00004CF4       net__cleanlistIP4
 0001:00004E24       net__inccounters
 0001:00004E88       net__in
 0001:00004EA8       net__out
 0001:00004EC8       net__total
 0001:00004EF8       net__makesession
 0001:00004F80       net__closesession
 0001:00004FA0       net__closeonlysocket
 0001:00004FB4       net__closeonlysocket2
 0001:00005068       net__closeonlysocketsBYownk
 0001:00005134       net__closerecBYownk2
 0001:00005208       net__socketgood
 0001:00005240       net__limit
 0001:00005254       net__count
 0001:00005268       net__initrec
 0001:00005330       net__findcount
 0001:00005378       net__tempfile
 0001:00005444       net__recinfo
 0001:000054E8       net__haverec
 0001:0000553C       net__makerec
 0001:000055B0       net__makerec2
 0001:0000588C       net__closeall
 0001:00005910       net__closerec2
 0001:00005934       net__closerec3
 0001:00005B08       net__sockip4
 0001:00005B8C       net__findbysock
[...]
 0001:000B02C0       tfastvars.fromfile
 0001:000B03C8       tfastvars.setdata
 0001:000B0654       tfastvars.settext
 0001:000B0680       tfastvars.gettext
 0001:000B0808       tfastvars.setnettext
 0001:000B096C       tfastvars.clear
 0001:000B0C28       tfastvars.find
 0001:000B0D38       tfastvars.found
 0001:000B0D90       tfastvars.sfound
 0001:000B0E40       tfastvars.sfound8
 0001:000B0F24       tfastvars.getb
 0001:000B1028       tfastvars.geti
 0001:000B1138       tfastvars.getc
 0001:000B1240       tfastvars.gets
 0001:000B1378       tfastvars.getn
 0001:000B1400       tfastvars.getv
 0001:000B1488       tfastvars.getchecked
 0001:000B1508       tfastvars.setb
 0001:000B15B8       tfastvars.seti
 0001:000B1664       tfastvars.setc
 0001:000B1714       tfastvars.sets
 0001:000B17F8       tfastvars.cinc
 0001:000B184C       tfastvars.cinc2
 0001:000B18F8       tflowcontrol.create
 0001:000B19B8       tflowcontrol.destroy
 0001:000B1A48       tflowcontrol.start
 0001:000B1AC4       tflowcontrol.halt
 0001:000B1B10       tflowcontrol.started
 0001:000B1B5C       tflowcontrol.halted
 0001:000B1BE0       tflowcontrol.idle
 0001:000B1C2C       tflowcontrol.switchto
 0001:000B1CA0       tflowcontrol.at
 0001:000B1CC4       tflowcontrol.switchto32
 0001:000B1D24       tflowcontrol.go32
 0001:000B1D48       tflowcontrol.at32
 0001:000B1D68       Finalization
 0001:000B1E58       gossroot
 0001:000B1EDC       win____CreateDirectory
 0001:000B1EE4       win____GetFileAttributes
 0001:000B1EEC       win____GetLocalTime
 0001:000B1EF4       win____DeleteFile
 0001:000B1EFC       win____MoveFile
 0001:000B1F04       win____SetFileAttributes
 0001:000B1F0C       win____GdiFlush
 0001:000B1F14       win____CreateCompatibleDC
 0001:000B1F1C       win____CreateDIBSection
 0001:000B1F24       win____GlobalHandle
 0001:000B1F2C       win____GlobalSize
 0001:000B1F34       win____GlobalFree
 0001:000B1F3C       win____GlobalUnlock
 0001:000B1F44       win____GlobalLock
 0001:000B1F4C       win____GlobalAlloc
 0001:000B1F54       win____GlobalReAlloc
 0001:000B1F5C       win____GetVersionEx
 0001:000B1F64       win____GetDC
 0001:000B1F6C       win____DestroyWindow
 0001:000B1F74       win____ReleaseDC
 0001:000B1F7C       win____DeleteDC
 0001:000B1F84       win____GetDeviceCaps
 0001:000B1F8C       win____SetTimer
 0001:000B1F94       win____KillTimer
 0001:000B1F9C       win____WaitMessage
 0001:000B1FA4       win____HeapAlloc
 0001:000B1FAC       win____HeapFree
 0001:000B1FB4       win____GetProcessHeap
 0001:000B1FBC       win____SetPriorityClass
 0001:000B1FC4       win____GetPriorityClass
 0001:000B1FCC       win____GetCurrentProcess
 0001:000B1FD4       win____GetLastError
 0001:000B1FDC       win____GetStdHandle
 0001:000B1FE4       win____GetConsoleScreenBufferInfo
 0001:000B1FEC       win____FillConsoleOutputCharacter
 0001:000B1FF4       win____FillConsoleOutputAttribute
 0001:000B1FFC       win____SetConsoleCursorPosition
 0001:000B2004       win____SetConsoleTitle
 0001:000B200C       win____SetConsoleCtrlHandler
 0001:000B2014       win____PeekMessage
 0001:000B201C       win____DispatchMessage
 0001:000B2024       win____TranslateMessage
 0001:000B202C       win____SetErrorMode
 0001:000B2034       win____GetVolumeInformation
 0001:000B203C       win____SHGetSpecialFolderLocation
 0001:000B2044       win____SHGetPathFromIDList
 0001:000B204C       win____GetTempPathA
 0001:000B2054       win____FlushFileBuffers
 0001:000B205C       win____CreateFile
 0001:000B2064       win____GetFileSize
 0001:000B206C       win____GetSystemTime
 0001:000B2074       win____CloseHandle
 0001:000B207C       win____GetFileInformationByHandle
 0001:000B2084       win____SetFilePointer
 0001:000B208C       win____WriteFile
 0001:000B2094       win____ReadFile
 0001:000B209C       win____GetLogicalDrives
 0001:000B20A4       win____FileTimeToLocalFileTime
 0001:000B20AC       win____FileTimeToDosDateTime
 0001:000B20B4       win____DefWindowProc
 0001:000B20BC       win____RegisterClassA
 0001:000B20C4       win____CreateWindowEx
 0001:000B20CC       win____SHGetMalloc
 0001:000B20D4       win____SelectObject
 0001:000B20DC       win____DeleteObject
 0001:000B20E4       win____sleep
 0001:000B20EC       win___RegCreateKeyEx
 0001:000B20F4       win____RegOpenKey
 0001:000B20FC       win____RegCloseKey
 0001:000B2104       win____RegSetValueEx
 0001:000B210C       win____StartServiceCtrlDispatcher
 0001:000B2114       win____RegisterServiceCtrlHandler
 0001:000B211C       win____SetServiceStatus
 0001:000B2124       win____OpenSCManager
 0001:000B212C       win____CloseServiceHandle
 0001:000B2134       win____CreateService
 0001:000B213C       win____OpenService
 0001:000B2144       win____DeleteService
 0001:000B214C       win____timeGetTime
 0001:000B2154       win____timeBeginPeriod
 0001:000B215C       win____timeEndPeriod
 0001:000B2164       net____WSAStartup
 0001:000B216C       net____WSACleanup
 0001:000B2174       net____wsaasyncselect
 0001:000B217C       net____WSAGetLastError
 0001:000B2184       net____makesocket
 0001:000B218C       net____bind
 0001:000B2194       net____listen
 0001:000B219C       net____closesocket
 0001:000B21A4       net____getsockopt
 0001:000B21AC       net____accept
 0001:000B21B4       net____recv
 0001:000B21BC       net____send
 0001:000B21C4       net____getpeername
 0001:000B21CC       net____connect
 0001:000B21D4       win____FindFirstFile
 0001:000B21DC       win____FindNextFile
 0001:000B21E4       win____FindClose
 0001:000B21EC       win____RemoveDirectory
 0001:000B21F4       gosswin__stop
 0001:000B2240       app__info
 0001:000B2290       info__win
 0001:000B243C       win____CreateWindow
 0001:000B248C       Exception.CreateFmt
 0001:000B24D0       win__FindMatchingFile
 0001:000B2568       win__FindFirst
 0001:000B25D4       win__FindNext
 0001:000B2624       win__FindClose
 0001:000B2644       low__consoleb
 0001:000B26C4       low__console
 0001:000B28F4       low__stdin
 0001:000B2940       low__handlenone
 0001:000B297C       net____send2
 0001:000B29B8       reg__openkey
 0001:000B2A84       reg__closekey
 0001:000B2AC0       reg__setstr
 0001:000B2B08       service__start1
 0001:000B2BC4       service__makecodehandler2
 0001:000B2CE4       service__coderesponder3
 0001:000B2D70       service__sendstatus4
 0001:000B2E30       service__install
 0001:000B2E54       service__install2
 0001:000B31A0       service__uninstall
 0001:000B31C0       service__uninstall2
 0001:000B335C       root__priority
 0001:000B337C       root__setpriority
 0001:000B33CC       root__adminlevel
 0001:000B3434       root__settimeperiod
 0001:000B3488       root__stoptimeperiod
 0001:000B34D8       root__throttleASdelay
 0001:000B35B4       xbox__stop
 0001:000B35E4       xbox__init
 0001:000B361C       xbox__setstate
 0001:000B3750       xbox__setstate2
 0001:000B37DC       xbox__index
 0001:000B3800       Finalization
 0001:000B3830       gosswin
 0001:000B3838       Finalization
 0001:000B38C8       bubbles
 0002:00000000       Default8087CW
 0002:00000004       DebugHook
 0002:00000008       LibModuleList
 0002:0000000C       ModuleUnloadList
 0002:000000AC       system_started
 0002:000000B0       system_net_session
 0002:000000B4       system_net_count
 0002:000000B8       system_net_sock
 0002:000000BC       system_net_in
 0002:000000C4       system_net_out
 0002:000000CC       system_log_folder
 0002:000000D0       system_log_name
 0002:000000D4       system_log_datename
 0002:000000D8       system_log_safename
 0002:000000DC       system_log_cache
 0002:000000E0       system_log_cachetime
 0002:000000E8       system_log_varstime1
 0002:000000F0       system_log_varstime2
 0002:000000F8       system_log_gmtoffset
 0002:000000FC       system_log_gmtnowstr
 0002:00000100       system_ipsec_scanfor
 0002:00000104       system_ipsec_banfor
 0002:00000108       system_ipsec_connlimit
 0002:0000010C       system_ipsec_postlimit
 0002:00000110       system_ipsec_postlimit2
 0002:00000114       system_ipsec_badlimit
 0002:00000118       system_ipsec_hitlimit
 0002:0000011C       system_ipsec_datalimit
 0002:00000124       bubbles_ico_32px
 0002:000011E4       iboostref
 0002:000011EC       itimerGMT
 0002:000011F4       itimer100
 0002:000011FC       itimer1000
 0002:00001204       itimer5000
 0002:0000120C       itimer30000
 0002:00001214       imailport
 0002:00001218       imail_domain
 0002:0000121C       imail_fromaddress
 0002:00001220       imail_sizelimit
 0002:00001224       imail_allow
 0002:00001228       imail_banbaddomain
 0002:0000122C       imail_sender
 0002:00001230       inewvisitor
 0002:00001234       iendofdaydone
 0002:00001238       itimerbusy
 0002:0000123C       iramlimit
 0002:00001240       ipowerlevel
 0002:00001244       iconnlimit
 0002:00001248       iconncount
 0002:0000124C       iconncount_1sec
 0002:00001250       ihttpserver
 0002:00001254       imailserver
 0002:00001258       imustsavesettings
 0002:0000125C       imustcloseall
 0002:00001260       imustport
 0002:00001264       ibubbles_png
 0002:00001268       ibubbles_ico_32px
 0002:0000126C       ichunksize
 0002:00001270       iresumesupport
 0002:00001274       inotthislink
 0002:00001278       irequestrate
 0002:0000127C       irequestrate0
 0002:00001280       isessiontimeout
 0002:00001288       icookietimeout
 0002:00001290       isessioncount
 0002:00001294       isessionnameLEN
 0002:00001298       ihelpdata
 0002:00005BC0       local_started
 0002:00005BC4       local_count
 0002:000079DC       system_started
 0002:000079E0       system_screenlogpixels
 0002:000083A8       system_started
 0002:000083AC       system_filecache_limit
 0002:000083B0       system_filecache_timer
 0002:000083B8       system_filecache_filecount
 0002:000083C0       system_filecache_count
 0002:000083C4       system_filecache_active
 0002:000083C8       intdisk_inuse
 0002:000083CC       intdisk_char
 0002:000083D0       intdisk_label
 0002:00008AA0       globaloverride_incSIZE
 0002:00008AA4       base64
 0002:00008AE8       base64r
 0002:00008BE8       system_month
 0002:00008C18       system_month_abrv
 0002:00008C48       system_dayOfweek
 0002:00008C64       system_dayOfweek_abrv
 0002:00008C80       date__FMSecsPerDay
 0002:00008C84       date__IMSecsPerDay
 0002:00008C88       date__monthdays
 0002:00008CB8       system_started
 0002:00008CBC       gui__running
 0002:00008CC0       gui__closing
 0002:00008CC4       info_mode
 0002:00008CC8       track_lastcreate
 0002:00008CCC       track_lastdestroy
 0002:00008CD0       track_bytes
 0002:00008CD8       track_total
 0002:00008CDC       system_ms64_init
 0002:00008CE0       system_ms64_last
 0002:00008CE8       system_ms64_offset
 0002:00008CF0       system_min32_val
 0002:00008CF4       sys_initcrc32
 0002:00008CF8       system_eventdriven
 0002:00008CFC       system_runstyle
 0002:00008D00       system_state
 0002:00008D04       system_musthalt
 0002:00008D08       system_pause
 0002:00008D0C       system_servicestatush
 0002:00008D10       system_adminlevel
 0002:00008D14       system_firsttimer
 0002:00008D18       system_lasttimer
 0002:00008D1C       system_nographics
 0002:00008D20       system_boot
 0002:00008D28       system_boot_date
 0002:00008D30       system_osid
 0002:00008D34       system_osmajver
 0002:00008D38       system_osminver
 0002:00008D3C       system_osbuild
 0002:00008D40       system_osstr
 0002:00008D44       system_osWin98
 0002:00008D48       system_printerlist
 0002:00008D4C       system_printerserv
 0002:00008D50       system_printerattr
 0002:00008D54       system_printer_devicetimeout
 0002:00008D58       system_printer_retrytimeout
 0002:00008D5C       system_fontlist_screen
 0002:00008D60       system_fontlist_printer
 0002:00008D64       system_settings
 0002:00008D68       system_settings_ref
 0002:00008D6C       system_settings_load
 0002:00008D70       system_settings_filt
 0002:00008D74       system_wproc
 0002:00008D78       system_message_count
 0002:00008D7C       system_scn_x
 0002:00008D80       system_scn_y
 0002:00008D84       system_scn_width
 0002:00008D88       system_scn_height
 0002:00008D8C       system_scn_ref
 0002:00008D90       system_scn_mustpaint
 0002:00008D94       system_scn_visible
 0002:00008D98       system_scn_ref1
 0002:00008D9C       system_line_str
 0002:00008DA0       system_timeperiod
 0002:00008DA4       system_turbo
 0002:00008DA8       system_turboref
 0002:00008DB0       syskeytime
 0002:00008DB8       sysclicktime
 0002:00008DC0       sysmovetime
 0002:00008DC8       sysmovetime_global
 0002:00008DD0       sysdowntime
 0002:00008DD8       syswheeltime
 0002:00008DE0       system_timer1
 0002:00008DE8       system_timer2
 0002:00008DF0       system_timer3
 0002:00008DF8       system_timer4
 0002:00008E00       system_timer5
 0002:00008E08       system_timer500
 0002:00008E10       systhread_initall
 0002:00008E14       system_ia_useroptions_suppress_masklist
 0002:00008E18       system_monitors_count
 0002:00008E1C       system_debug_str1
 0002:00008E20       system_debug_str2
 0002:00008E24       system_started
 0002:00008E28       system_xbox_init
 0002:00008E2C       system_xbox_getstate
 0002:00008E30       system_xbox_setstate
 0002:00009000       ExceptProc
 0002:00009004       ErrorProc
 0002:00009008       ExceptObjProc
 0002:0000900C       MainInstance
 0002:00009010       IsLibrary
 0002:00009014       CmdShow
 0002:00009018       CmdLine
 0002:0000901C       ExitCode
 0002:00009020       ExitProc
 0002:00009024       ErrorAddr
 0002:00009028       RandSeed
 0002:0000902C       IsConsole
 0002:0000902D       IsMultiThread
 0002:0000902E       FileMode
 0002:0000902F       Test8086
 0002:00009030       Test8087
 0002:00009031       TestFDIV
 0002:00009034       Input
 0002:00009200       Output
 0002:000093CC       Unassigned
 0002:000093DC       Null
 0002:000093EC       AllocMemCount
 0002:000093F0       AllocMemSize
 0002:00009498       ModuleIsLib
 0002:0000949C       TlsIndex
 0002:000094A4       HInstance
 0002:000094B0       system_net_sesinfo
 0002:00009640       system_net_slot
 0002:00057840       system_ipsec_slot
 0002:0014BAE8       iloaddate
 0002:0014BAF0       ibuffer
 0002:0015BAF0       ibuf2
 0002:0015BAF4       igmtstr
 0002:0015BAF8       ivars
 0002:0015BAFC       icontact_allow
 0002:0015BAFD       icontact_question
 0002:0015BB00       icontact_off
 0002:0015BB04       icontact_ok
 0002:0015BB08       icontact_fail
 0002:0015BB0C       imustboost
 0002:0015BB0D       icache
 0002:0015BB0E       ialongsideexe
 0002:0015BB0F       ishutidle
 0002:0015BB10       icsp
 0002:0015BB11       inorefdown
 0002:0015BB12       isummarynotice
 0002:0015BB13       iquotanotice
 0002:0015BB14       ireloadnotice
 0002:0015BB15       ireverseproxy
 0002:0015BB16       ilivestats
 0002:0015BB17       irawlogs
 0002:0015BB18       iconsolerate
 0002:0015BB1C       iport
 0002:0015BB20       iidletimeout
 0002:0015BB28       imap
 0002:0015BB2C       idom
 0002:0015BB30       idominfo
 0002:0015BB34       imime
 0002:0015BB38       imime_fallback
 0002:0015BB3C       iredirect
 0002:0015BB40       imustmakepngs
 0002:0015BB41       ihitmustsave
 0002:0015BB44       ihit
 0002:0015BB48       ihitref
 0002:0015BB4C       ibytes
 0002:0015BB50       ihitpng
 0002:0015BB54       i127_0_0_1
 0002:0015BB58       iadminkey
 0002:0015BB5C       isessiontime
 0002:0015BE7C       isessioncookietime
 0002:0015C19C       isessionname
 0002:0015C32C       isessioncookie
 0002:0015C4BC       isessionua
 0002:0015C64C       ireload_domindex
 0002:0015C650       irambytes
 0002:0015C658       ireload_rambytes
 0002:0015C660       ireload_ramlimit
 0002:0015C668       ithreshold
 0002:0015C670       iramfilescached
 0002:0015C674       iramfilecount
 0002:0015C678       iramcount
 0002:0015C67C       iramgmt
 0002:0015C680       iramdate
 0002:0015C688       iramid
 0002:0015C68C       inref1
 0002:0015C690       inref2
 0002:0015C694       iname
 0002:0015C698       idata
 0002:0015C69C       isize
 0002:0015C6A0       idate
 0002:0015C6A4       imode
 0002:0015C6A8       idomindex
 0002:0015C6AC       ihave
 0002:0015C6B0       idaily_bandwidth
 0002:0015C6B8       idaily_bandwidth_quota
 0002:0015C6C0       idaily_bandwidth_quota_bytes
 0002:0015C6C8       idaily_bandwidth_exceeded
 0002:0015C6CC       idaily_newvisitors
 0002:0015C6D4       idaily_visitors
 0002:0015C6DC       idaily_requests
 0002:0015C6E4       idaily_hits
 0002:0015C6EC       idaily_email
 0002:0015C6F4       idaily_contact
 0002:0015C6FC       idaily_jobs
 0002:0015C704       ifastfolder__logs
 0002:0015C708       ifastfolder__inbox
 0002:0015C70C       ifastfolder__inbox_read
 0002:0015C710       ifastfolder__trash
 0002:0015C714       ifastfolder__trash_read
 0002:0015C718       ifastfolder__root
 0002:0015C71C       iquestion__answer
 0002:0015D6BC       iquestion__index
 0002:0015D6C4       local_list
 0002:0015D858       ref65025_div_255
 0002:0016D65C       fb255
 0002:0016DE60       fbwrap255
 0002:0016E664       systmpstyle
 0002:0016E6C8       systmpid
 0002:0016E858       systmptime
 0002:0016EB78       systmpbmp
 0002:0016ED08       systmppos
 0002:0016ED0C       sysintstyle
 0002:0016ED70       sysintid
 0002:0016EF00       sysinttime
 0002:0016F220       sysintobj
 0002:0016F3B0       sysintpos
 0002:0016F3B4       sysbytestyle
 0002:0016F418       sysbyteid
 0002:0016F5A8       sysbytetime
 0002:0016F8C8       sysbyteobj
 0002:0016FA58       sysbytepos
 0002:0016FA5C       system_default_ai
 0002:0016FAAC       system_filecache_slot
 0002:0017234C       intdisk_name
 0002:0017266C       intdisk_data
 0002:0017298C       intdisk_date
 0002:00172FCC       intdisk_readonly
 0002:00174A20       track_active
 0002:00174D40       track_create
 0002:00175060       track_destroy
 0002:00175380       track_ratec
 0002:001756A0       track_rated
 0002:001759C0       sysleak_start
 0002:0017B780       sysleak_stop
 0002:00181540       sysleak_label
 0002:001815B8       sysleak_counter
 0002:00181630       sysleak_show
 0002:00181634       sys_crc32
 0002:00181A34       p4INT32
 0002:00181AB8       p8CMP256
 0002:001822C0       system_servicestatus
 0002:001822DC       system_servicetable
 0002:001822F4       system_scn_lines
 0002:001823E4       system_stdin
 0002:001823E8       systhread_running
 0002:001823F4       systhread_ready
 0002:00182400       systhread_muststop
 0002:0018240C       systhread_handle
 0002:00182434       systhread_id
 0002:0018245C       systhread_timerid
 0002:00182484       systhread_timerms
 0002:001824AC       systhread_usingtimer
 0002:001824B8       systhread_fast64
 0002:00182508       systhread_lag
 0002:00182558       systhread_lastlag
 0002:001825A8       systhread_lagref
 0002:001825F8       systhread_ref1000
 0002:00182648       systhread_bufferid
 0002:00182670       systhread_bufferid2
 0002:00182698       systhread_cmd
 0002:001826C0       systhread_bufferlen
 0002:001826E8       system_monitors_hmonitor
 0002:00182878       system_monitors_area
 0002:00182EB8       system_monitors_workarea
 0002:001834F8       system_monitors_primary
 0002:0018355C       system_monitors_totalarea
 0002:0018356C       system_monitors_totalworkarea
 0002:00183580       system_xbox_retryref64
 0002:001835A0       system_xbox_statelist


Program entry point at 0001:000B38C8
